yarn run v1.22.22
warning package.json: "dependencies" has dependency "better-sqlite3" with range "^11.10.0" that collides with a dependency in "devDependencies" of the same name with version "^11.9.1"
$ /app/node_modules/.bin/tsc --noEmit --pretty false
src_refactored/core/application/use-cases/agent-internal-state/load-agent-internal-state.use-case.ts(56,11): error TS2353: Object literal may only specify known properties, and 'agentId' does not exist in type 'Error'.
src_refactored/core/application/use-cases/agent-internal-state/load-agent-internal-state.use-case.ts(92,11): error TS2353: Object literal may only specify known properties, and 'agentId' does not exist in type 'Error'.
src_refactored/core/application/use-cases/agent-internal-state/save-agent-internal-state.use-case.ts(106,7): error TS2353: Object literal may only specify known properties, and 'error' does not exist in type 'Error'.
src_refactored/core/application/use-cases/agent-internal-state/save-agent-internal-state.use-case.ts(127,7): error TS2353: Object literal may only specify known properties, and 'error' does not exist in type 'Error'.
src_refactored/core/application/use-cases/agent-persona-template/create-persona-template.use-case.ts(89,9): error TS2353: Object literal may only specify known properties, and 'error' does not exist in type 'Error'.
src_refactored/core/application/use-cases/agent/create-agent.use-case.ts(106,28): error TS2554: Expected 2-3 arguments, but got 1.
src_refactored/core/application/use-cases/agent/create-agent.use-case.ts(115,28): error TS2554: Expected 2-3 arguments, but got 1.
src_refactored/core/application/use-cases/agent/create-agent.use-case.ts(153,9): error TS2554: Expected 1-2 arguments, but got 3.
src_refactored/core/application/use-cases/annotation/list-annotations.use-case.ts(66,13): error TS2353: Object literal may only specify known properties, and 'error' does not exist in type 'Error'.
src_refactored/core/application/use-cases/annotation/list-annotations.use-case.ts(74,9): error TS2353: Object literal may only specify known properties, and 'items' does not exist in type '{ page: number; pageSize: number; annotations: { jobId: string | null; id: string; createdAt: string; updatedAt: string; agentId: string | null; text: string; }[]; totalCount: number; totalPages: number; }'.
src_refactored/core/application/use-cases/annotation/list-annotations.use-case.ts(92,11): error TS2353: Object literal may only specify known properties, and 'error' does not exist in type 'Error'.
src_refactored/core/application/use-cases/annotation/remove-annotation.use-case.ts(52,66): error TS2358: The left-hand side of an 'instanceof' expression must be of type 'any', an object type or a type parameter.
src_refactored/core/application/use-cases/annotation/remove-annotation.use-case.ts(54,82): error TS2339: Property 'message' does not exist on type 'never'.
src_refactored/core/application/use-cases/annotation/remove-annotation.use-case.ts(57,13): error TS2353: Object literal may only specify known properties, and 'error' does not exist in type 'Error'.
src_refactored/core/application/use-cases/annotation/remove-annotation.use-case.ts(86,11): error TS2353: Object literal may only specify known properties, and 'error' does not exist in type 'Error'.
src_refactored/core/application/use-cases/annotation/save-annotation.use-case.ts(68,157): error TS2339: Property 'message' does not exist on type 'never'.
src_refactored/core/application/use-cases/annotation/save-annotation.use-case.ts(71,13): error TS2353: Object literal may only specify known properties, and 'error' does not exist in type 'Error'.
src_refactored/core/application/use-cases/annotation/save-annotation.use-case.ts(129,28): error TS2554: Expected 2-3 arguments, but got 1.
src_refactored/core/application/use-cases/annotation/save-annotation.use-case.ts(143,55): error TS2345: Argument of type 'Identity | null' is not assignable to parameter of type 'AbstractValueObject<IdentityProps> | undefined'.
  Type 'null' is not assignable to type 'AbstractValueObject<IdentityProps> | undefined'.
src_refactored/core/application/use-cases/annotation/save-annotation.use-case.ts(155,52): error TS2345: Argument of type 'Identity | null' is not assignable to parameter of type 'AbstractValueObject<IdentityProps> | undefined'.
  Type 'null' is not assignable to type 'AbstractValueObject<IdentityProps> | undefined'.
src_refactored/core/application/use-cases/annotation/save-annotation.use-case.ts(190,9): error TS2353: Object literal may only specify known properties, and 'error' does not exist in type 'Error'.
src_refactored/core/application/use-cases/llm-provider-config/create-llm-provider-config.use-case.ts(86,13): error TS2353: Object literal may only specify known properties, and 'error' does not exist in type 'Error'.
src_refactored/core/application/use-cases/llm-provider-config/create-llm-provider-config.use-case.ts(107,11): error TS2353: Object literal may only specify known properties, and 'error' does not exist in type 'Error'.
src_refactored/core/application/use-cases/memory/remove-memory-item.use-case.ts(59,13): error TS2353: Object literal may only specify known properties, and 'error' does not exist in type 'Error'.
src_refactored/core/application/use-cases/memory/remove-memory-item.use-case.ts(86,11): error TS2353: Object literal may only specify known properties, and 'error' does not exist in type 'Error'.
src_refactored/core/application/use-cases/memory/save-memory-item.use-case.ts(75,13): error TS2353: Object literal may only specify known properties, and 'error' does not exist in type 'Error'.
src_refactored/core/application/use-cases/memory/save-memory-item.use-case.ts(137,28): error TS2554: Expected 2-3 arguments, but got 1.
src_refactored/core/application/use-cases/memory/save-memory-item.use-case.ts(184,9): error TS2353: Object literal may only specify known properties, and 'error' does not exist in type 'Error'.
src_refactored/core/application/use-cases/memory/search-memory-items.use-case.ts(70,9): error TS2353: Object literal may only specify known properties, and 'pageSize' does not exist in type 'PageOptions'.
src_refactored/core/application/use-cases/memory/search-memory-items.use-case.ts(79,13): error TS2353: Object literal may only specify known properties, and 'error' does not exist in type 'Error'.
src_refactored/core/application/use-cases/memory/search-memory-items.use-case.ts(98,11): error TS2353: Object literal may only specify known properties, and 'error' does not exist in type 'Error'.
src_refactored/core/application/use-cases/memory/search-memory-items.use-case.ts(138,11): error TS2353: Object literal may only specify known properties, and 'error' does not exist in type 'Error'.
src_refactored/core/application/use-cases/memory/search-memory-items.use-case.ts(152,35): error TS2339: Property 'totalCount' does not exist on type 'PaginatedMemoryItemsResult'.
src_refactored/core/application/use-cases/memory/search-memory-items.use-case.ts(153,29): error TS2339: Property 'page' does not exist on type 'PaginatedMemoryItemsResult'.
src_refactored/core/application/use-cases/memory/search-memory-items.use-case.ts(154,33): error TS2339: Property 'pageSize' does not exist on type 'PaginatedMemoryItemsResult'.
src_refactored/core/application/use-cases/memory/search-similar-memory-items.use-case.ts(87,13): error TS2353: Object literal may only specify known properties, and 'error' does not exist in type 'Error'.
src_refactored/core/application/use-cases/memory/search-similar-memory-items.use-case.ts(108,15): error TS2353: Object literal may only specify known properties, and 'error' does not exist in type 'Error'.
src_refactored/core/application/use-cases/memory/search-similar-memory-items.use-case.ts(146,11): error TS2353: Object literal may only specify known properties, and 'error' does not exist in type 'Error'.
src_refactored/core/application/use-cases/project/create-project.use-case.ts(10,19): error TS2459: Module '"@/domain/project/project.entity"' declares 'ProjectConstructorProps' locally, but it is not exported.
src_refactored/core/application/use-cases/project/create-project.use-case.ts(32,9): error TS2416: Property 'execute' in type 'CreateProjectUseCase' is not assignable to the same property in base type 'Executable<{ name: string; description?: string | undefined; }, Promise<Result<{ projectId: string; }, ApplicationValidationError | DomainError>>, ApplicationError | DomainError>'.
  Type '(input: { name: string; description?: string | undefined; }) => Promise<Result<{ projectId: string; }, ApplicationValidationError | DomainError>>' is not assignable to type '(input: { name: string; description?: string | undefined; }) => Promise<Result<Promise<Result<{ projectId: string; }, ApplicationValidationError | DomainError>>, ApplicationError | DomainError>>'.
    Type 'Promise<Result<{ projectId: string; }, ApplicationValidationError | DomainError>>' is not assignable to type 'Promise<Result<Promise<Result<{ projectId: string; }, ApplicationValidationError | DomainError>>, ApplicationError | DomainError>>'.
      Type 'Result<{ projectId: string; }, ApplicationValidationError | DomainError>' is not assignable to type 'Result<Promise<Result<{ projectId: string; }, ApplicationValidationError | DomainError>>, ApplicationError | DomainError>'.
        Type 'Success<{ projectId: string; }>' is not assignable to type 'Result<Promise<Result<{ projectId: string; }, ApplicationValidationError | DomainError>>, ApplicationError | DomainError>'.
          Type 'Success<{ projectId: string; }>' is not assignable to type 'Success<Promise<Result<{ projectId: string; }, ApplicationValidationError | DomainError>>>'.
            Type '{ projectId: string; }' is missing the following properties from type 'Promise<Result<{ projectId: string; }, ApplicationValidationError | DomainError>>': then, catch, finally, [Symbol.toStringTag]
src_refactored/core/application/use-cases/project/create-project.use-case.ts(51,9): error TS2322: Type 'Failure<Error>' is not assignable to type 'Result<{ projectId: string; }, ApplicationValidationError | DomainError>'.
  Type 'Failure<Error>' is not assignable to type 'Failure<ApplicationValidationError | DomainError>'.
    Type 'Error' is not assignable to type 'ApplicationValidationError | DomainError'.
      Type 'Error' is not assignable to type 'DomainError'.
        Types of property 'cause' are incompatible.
          Type 'unknown' is not assignable to type 'Error | undefined'.
src_refactored/core/application/use-cases/project/create-project.use-case.ts(61,11): error TS2353: Object literal may only specify known properties, and 'error' does not exist in type 'Error'.
src_refactored/core/application/use-cases/project/create-project.use-case.ts(74,11): error TS2353: Object literal may only specify known properties, and 'error' does not exist in type 'Error'.
src_refactored/core/application/use-cases/project/create-project.use-case.ts(112,11): error TS2353: Object literal may only specify known properties, and 'error' does not exist in type 'Error'.
src_refactored/core/application/use-cases/project/get-project-details.use-case.ts(47,15): error TS2353: Object literal may only specify known properties, and 'error' does not exist in type 'Error'.
src_refactored/core/application/use-cases/project/get-project-details.use-case.ts(80,9): error TS2322: Type 'string | null' is not assignable to type 'string'.
  Type 'null' is not assignable to type 'string'.
src_refactored/core/application/use-cases/project/get-project-details.use-case.ts(96,11): error TS2353: Object literal may only specify known properties, and 'error' does not exist in type 'Error'.
src_refactored/core/application/use-cases/project/list-projects.use-case.ts(43,15): error TS2353: Object literal may only specify known properties, and 'error' does not exist in type 'Error'.
src_refactored/core/application/use-cases/project/list-projects.use-case.ts(70,11): error TS2353: Object literal may only specify known properties, and 'error' does not exist in type 'Error'.
src_refactored/core/application/use-cases/user/create-user.use-case.ts(27,10): error TS2724: '"./create-user.schema"' has no exported member named 'CreateUserUseCaseInput'. Did you mean 'CreateUserInput'?
src_refactored/core/application/use-cases/user/create-user.use-case.ts(27,34): error TS2724: '"./create-user.schema"' has no exported member named 'CreateUserUseCaseOutput'. Did you mean 'CreateUserOutput'?
src_refactored/core/application/use-cases/user/create-user.use-case.ts(71,15): error TS2353: Object literal may only specify known properties, and 'error' does not exist in type 'Error'.
src_refactored/core/application/use-cases/user/create-user.use-case.ts(83,11): error TS2353: Object literal may only specify known properties, and 'error' does not exist in type 'Error'.
src_refactored/core/application/use-cases/user/create-user.use-case.ts(99,11): error TS2353: Object literal may only specify known properties, and 'error' does not exist in type 'Error'.
src_refactored/core/application/use-cases/user/create-user.use-case.ts(197,80): error TS2353: Object literal may only specify known properties, and 'error' does not exist in type 'Error'.
src_refactored/core/application/use-cases/user/get-user.use-case.ts(5,27): error TS2724: '"@/domain/user/ports/user-repository.interface"' has no exported member named 'UserRepositoryToken'. Did you mean 'IUserRepositoryToken'?
src_refactored/core/application/use-cases/user/get-user.use-case.ts(6,10): error TS2305: Module '"@/domain/user/user.entity"' has no exported member 'UserEntity'.
src_refactored/core/application/use-cases/user/get-user.use-case.ts(10,28): error TS2305: Module '"@/application/common/errors"' has no exported member 'DomainError'.
src_refactored/core/application/use-cases/user/get-user.use-case.ts(10,41): error TS2305: Module '"@/application/common/errors"' has no exported member 'NotFoundError'.
src_refactored/core/application/use-cases/user/get-user.use-case.ts(10,56): error TS2724: '"@/application/common/errors"' has no exported member named 'ValidationError'. Did you mean 'ApplicationError'?
src_refactored/core/application/use-cases/user/get-user.use-case.ts(24,9): error TS2416: Property 'execute' in type 'GetUserUseCase' is not assignable to the same property in base type 'Executable<{ email?: string | undefined; userId?: string | undefined; }, Promise<Result<{ id: string; createdAt: string; updatedAt: string; username: string; email: string; nickname: string; defaultLLMProviderConfigId: string; avatarUrl?: string | ... 1 more ... | undefined; assistantId?: string | ... 1 more ... | u...'.
  Type '(input: { email?: string | undefined; userId?: string | undefined; }) => Promise<Result<{ id: string; createdAt: string; updatedAt: string; username: string; email: string; nickname: string; defaultLLMProviderConfigId: string; avatarUrl?: string | ... 1 more ... | undefined; assistantId?: string | ... 1 more ... | u...' is not assignable to type '(input: { email?: string | undefined; userId?: string | undefined; }) => Promise<Result<Promise<Result<{ id: string; createdAt: string; updatedAt: string; username: string; email: string; nickname: string; defaultLLMProviderConfigId: string; avatarUrl?: string | ... 1 more ... | undefined; assistantId?: string | ......'.
    Type 'Promise<Result<{ id: string; createdAt: string; updatedAt: string; username: string; email: string; nickname: string; defaultLLMProviderConfigId: string; avatarUrl?: string | null | undefined; assistantId?: string | ... 1 more ... | undefined; } | null, DomainError>>' is not assignable to type 'Promise<Result<Promise<Result<{ id: string; createdAt: string; updatedAt: string; username: string; email: string; nickname: string; defaultLLMProviderConfigId: string; avatarUrl?: string | null | undefined; assistantId?: string | ... 1 more ... | undefined; } | null, DomainError>>, ApplicationError | DomainError>>'.
      Type 'Result<{ id: string; createdAt: string; updatedAt: string; username: string; email: string; nickname: string; defaultLLMProviderConfigId: string; avatarUrl?: string | null | undefined; assistantId?: string | ... 1 more ... | undefined; } | null, DomainError>' is not assignable to type 'Result<Promise<Result<{ id: string; createdAt: string; updatedAt: string; username: string; email: string; nickname: string; defaultLLMProviderConfigId: string; avatarUrl?: string | null | undefined; assistantId?: string | ... 1 more ... | undefined; } | null, DomainError>>, ApplicationError | DomainError>'.
        Type 'Success<{ id: string; createdAt: string; updatedAt: string; username: string; email: string; nickname: string; defaultLLMProviderConfigId: string; avatarUrl?: string | null | undefined; assistantId?: string | ... 1 more ... | undefined; } | null>' is not assignable to type 'Result<Promise<Result<{ id: string; createdAt: string; updatedAt: string; username: string; email: string; nickname: string; defaultLLMProviderConfigId: string; avatarUrl?: string | null | undefined; assistantId?: string | ... 1 more ... | undefined; } | null, DomainError>>, ApplicationError | DomainError>'.
          Type 'Success<{ id: string; createdAt: string; updatedAt: string; username: string; email: string; nickname: string; defaultLLMProviderConfigId: string; avatarUrl?: string | null | undefined; assistantId?: string | ... 1 more ... | undefined; } | null>' is not assignable to type 'Success<Promise<Result<{ id: string; createdAt: string; updatedAt: string; username: string; email: string; nickname: string; defaultLLMProviderConfigId: string; avatarUrl?: string | null | undefined; assistantId?: string | ... 1 more ... | undefined; } | null, DomainError>>>'.
            Type '{ id: string; createdAt: string; updatedAt: string; username: string; email: string; nickname: string; defaultLLMProviderConfigId: string; avatarUrl?: string | null | undefined; assistantId?: string | ... 1 more ... | undefined; } | null' is not assignable to type 'Promise<Result<{ id: string; createdAt: string; updatedAt: string; username: string; email: string; nickname: string; defaultLLMProviderConfigId: string; avatarUrl?: string | null | undefined; assistantId?: string | ... 1 more ... | undefined; } | null, DomainError>>'.
              Type 'null' is not assignable to type 'Promise<Result<{ id: string; createdAt: string; updatedAt: string; username: string; email: string; nickname: string; defaultLLMProviderConfigId: string; avatarUrl?: string | null | undefined; assistantId?: string | ... 1 more ... | undefined; } | null, DomainError>>'.
src_refactored/core/application/use-cases/user/get-user.use-case.ts(55,81): error TS2345: Argument of type 'unknown' is not assignable to parameter of type 'Error | undefined'.
src_refactored/core/application/use-cases/user/get-user.use-case.ts(57,28): error TS2345: Argument of type 'unknown' is not assignable to parameter of type 'Error'.
src_refactored/core/application/use-cases/user/get-user.use-case.ts(68,79): error TS2345: Argument of type 'typeToFlattenedError<{ email?: string | undefined; userId?: string | undefined; }, string>' is not assignable to parameter of type 'Error'.
  Type 'typeToFlattenedError<{ email?: string | undefined; userId?: string | undefined; }, string>' is missing the following properties from type 'Error': name, message
src_refactored/core/application/use-cases/user/get-user.use-case.ts(80,33): error TS2339: Property 'create' does not exist on type 'typeof UserId'.
src_refactored/core/application/worker/__tests__/worker.service.close.spec.ts(31,22): error TS2707: Generic type 'Mock<T>' requires between 0 and 1 type arguments.
src_refactored/core/application/worker/__tests__/worker.service.close.spec.ts(83,25): error TS2339: Property 'close' does not exist on type 'TestDb'.
src_refactored/core/application/worker/__tests__/worker.service.close.spec.ts(83,50): error TS2339: Property 'close' does not exist on type 'TestDb'.
src_refactored/core/application/worker/__tests__/worker.service.close.spec.ts(95,53): error TS2339: Property 'payload' does not exist on type 'JobEntity<TestPayload, TestResult>'.
src_refactored/core/application/worker/__tests__/worker.service.close.spec.ts(95,80): error TS2339: Property 'payload' does not exist on type 'JobEntity<TestPayload, TestResult>'.
src_refactored/core/application/worker/__tests__/worker.service.close.spec.ts(97,42): error TS2345: Argument of type '() => JobIdVO' is not assignable to parameter of type 'JobIdVO'.
src_refactored/core/application/worker/__tests__/worker.service.close.spec.ts(97,57): error TS2339: Property 'status' does not exist on type 'JobEntity<unknown, unknown>'.
src_refactored/core/application/worker/__tests__/worker.service.error-handling.spec.ts(31,22): error TS2707: Generic type 'Mock<T>' requires between 0 and 1 type arguments.
src_refactored/core/application/worker/__tests__/worker.service.error-handling.spec.ts(80,25): error TS2339: Property 'close' does not exist on type 'TestDb'.
src_refactored/core/application/worker/__tests__/worker.service.error-handling.spec.ts(80,50): error TS2339: Property 'close' does not exist on type 'TestDb'.
src_refactored/core/application/worker/__tests__/worker.service.error-handling.spec.ts(100,52): error TS2345: Argument of type '() => JobIdVO' is not assignable to parameter of type 'JobIdVO'.
src_refactored/core/application/worker/__tests__/worker.service.error-handling.spec.ts(101,23): error TS2339: Property 'status' does not exist on type 'JobEntity<unknown, unknown>'.
src_refactored/core/application/worker/__tests__/worker.service.initialization.spec.ts(28,22): error TS2707: Generic type 'Mock<T>' requires between 0 and 1 type arguments.
src_refactored/core/application/worker/__tests__/worker.service.initialization.spec.ts(71,25): error TS2339: Property 'close' does not exist on type 'TestDb'.
src_refactored/core/application/worker/__tests__/worker.service.initialization.spec.ts(71,50): error TS2339: Property 'close' does not exist on type 'TestDb'.
src_refactored/core/application/worker/__tests__/worker.service.job-processing.spec.ts(29,22): error TS2707: Generic type 'Mock<T>' requires between 0 and 1 type arguments.
src_refactored/core/application/worker/__tests__/worker.service.job-processing.spec.ts(42,20): error TS2554: Expected 6 arguments, but got 3.
src_refactored/core/application/worker/__tests__/worker.service.job-processing.spec.ts(53,25): error TS2339: Property 'close' does not exist on type 'TestDb'.
src_refactored/core/application/worker/__tests__/worker.service.job-processing.spec.ts(53,50): error TS2339: Property 'close' does not exist on type 'TestDb'.
src_refactored/core/application/worker/__tests__/worker.service.job-processing.spec.ts(64,52): error TS2345: Argument of type '() => JobIdVO' is not assignable to parameter of type 'JobIdVO'.
src_refactored/core/application/worker/__tests__/worker.service.job-processing.spec.ts(65,23): error TS2339: Property 'status' does not exist on type 'JobEntity<unknown, unknown>'.
src_refactored/core/application/worker/__tests__/worker.service.job-processing.spec.ts(76,52): error TS2345: Argument of type '() => JobIdVO' is not assignable to parameter of type 'JobIdVO'.
src_refactored/core/application/worker/__tests__/worker.service.job-processing.spec.ts(77,23): error TS2339: Property 'status' does not exist on type 'JobEntity<unknown, unknown>'.
src_refactored/core/application/worker/__tests__/worker.service.job-processing.spec.ts(89,45): error TS7006: Parameter 'job' implicitly has an 'any' type.
src_refactored/core/application/worker/__tests__/worker.service.job-processing.spec.ts(108,49): error TS7006: Parameter 'jobCtx' implicitly has an 'any' type.
src_refactored/core/application/worker/__tests__/worker.service.job-processing.spec.ts(115,52): error TS2345: Argument of type '() => JobIdVO' is not assignable to parameter of type 'JobIdVO'.
src_refactored/core/application/worker/__tests__/worker.service.job-processing.spec.ts(116,23): error TS2339: Property 'progress' does not exist on type 'JobEntity<unknown, unknown>'.
src_refactored/core/application/worker/__tests__/worker.service.job-processing.spec.ts(117,23): error TS2339: Property 'logs' does not exist on type 'JobEntity<unknown, unknown>'.
src_refactored/core/application/worker/__tests__/worker.service.lock-renewal.spec.ts(29,22): error TS2707: Generic type 'Mock<T>' requires between 0 and 1 type arguments.
src_refactored/core/application/worker/__tests__/worker.service.lock-renewal.spec.ts(42,20): error TS2554: Expected 6 arguments, but got 3.
src_refactored/core/application/worker/__tests__/worker.service.lock-renewal.spec.ts(51,25): error TS2339: Property 'close' does not exist on type 'TestDb'.
src_refactored/core/application/worker/__tests__/worker.service.lock-renewal.spec.ts(51,50): error TS2339: Property 'close' does not exist on type 'TestDb'.
src_refactored/core/application/worker/__tests__/worker.service.lock-renewal.spec.ts(62,60): error TS2345: Argument of type '() => JobIdVO' is not assignable to parameter of type 'JobIdVO'.
src_refactored/core/application/worker/__tests__/worker.service.lock-renewal.spec.ts(62,75): error TS2339: Property 'lockUntil' does not exist on type 'JobEntity<unknown, unknown>'.
src_refactored/core/application/worker/__tests__/worker.service.lock-renewal.spec.ts(64,42): error TS2345: Argument of type '() => JobIdVO' is not assignable to parameter of type 'JobIdVO'.
src_refactored/core/application/worker/__tests__/worker.service.lock-renewal.spec.ts(64,57): error TS2339: Property 'lockUntil' does not exist on type 'JobEntity<unknown, unknown>'.
src_refactored/core/application/worker/__tests__/worker.service.lock-renewal.spec.ts(65,72): error TS2339: Property 'payload' does not exist on type 'JobEntity<TestPayload, TestResult>'.
src_refactored/core/application/worker/__tests__/worker.service.lock-renewal.spec.ts(75,65): error TS2345: Argument of type '() => JobIdVO' is not assignable to parameter of type 'JobIdVO'.
src_refactored/core/application/worker/__tests__/worker.service.lock-renewal.spec.ts(75,80): error TS2339: Property 'lockUntil' does not exist on type 'JobEntity<unknown, unknown>'.
src_refactored/core/application/worker/__tests__/worker.service.lock-renewal.spec.ts(77,51): error TS2345: Argument of type '() => JobIdVO' is not assignable to parameter of type 'JobIdVO'.
src_refactored/core/application/worker/__tests__/worker.service.lock-renewal.spec.ts(78,49): error TS2339: Property 'lockUntil' does not exist on type 'JobEntity<unknown, unknown>'.
src_refactored/core/application/worker/__tests__/worker.service.lock-renewal.spec.ts(79,27): error TS2339: Property 'lockUntil' does not exist on type 'JobEntity<unknown, unknown>'.
src_refactored/core/application/worker/__tests__/worker.service.spec.helper.ts(2,10): error TS2459: Module '"../worker.service"' declares 'WorkerOptions' locally, but it is not exported.
src_refactored/core/application/worker/worker.service.ts(3,50): error TS2305: Module '"node:timers"' has no exported member 'Timeout'.
src_refactored/core/application/worker/worker.service.ts(110,62): error TS2339: Property 'value' does not exist on type '() => JobIdVO'.
src_refactored/core/application/worker/worker.service.ts(145,28): error TS2345: Argument of type '() => JobIdVO' is not assignable to parameter of type 'string | JobIdVO'.
src_refactored/core/application/worker/worker.service.ts(146,57): error TS2339: Property 'value' does not exist on type '() => JobIdVO'.
src_refactored/core/application/worker/worker.service.ts(153,20): error TS2345: Argument of type '() => JobIdVO' is not assignable to parameter of type 'string | JobIdVO'.
src_refactored/core/application/worker/worker.service.ts(154,57): error TS2339: Property 'value' does not exist on type '() => JobIdVO'.
src_refactored/core/application/worker/worker.service.ts(171,34): error TS2339: Property 'finishedOn' does not exist on type 'JobEntity<P, R>'.
src_refactored/core/application/worker/worker.service.ts(174,45): error TS2345: Argument of type '() => JobIdVO' is not assignable to parameter of type 'string | JobIdVO'.
src_refactored/core/application/worker/worker.service.ts(180,11): error TS2345: Argument of type '() => JobIdVO' is not assignable to parameter of type 'string | JobIdVO'.
src_refactored/core/application/worker/worker.service.ts(203,36): error TS2339: Property 'value' does not exist on type '() => JobIdVO'.
src_refactored/core/application/worker/worker.service.ts(211,40): error TS2532: Object is possibly 'undefined'.
src_refactored/core/application/worker/worker.service.ts(212,27): error TS2532: Object is possibly 'undefined'.
src_refactored/core/application/worker/worker.service.ts(215,32): error TS2345: Argument of type '() => JobIdVO' is not assignable to parameter of type 'string | JobIdVO'.
src_refactored/core/application/worker/worker.service.ts(218,37): error TS2339: Property 'value' does not exist on type '() => JobIdVO'.
src_refactored/core/domain/agent/agent-internal-state.entity.ts(111,5): error TS2322: Type 'boolean | undefined' is not assignable to type 'boolean'.
  Type 'undefined' is not assignable to type 'boolean'.
src_refactored/core/domain/agent/value-objects/agent-max-iterations.vo.ts(17,61): error TS2344: Type 'number' does not satisfy the constraint 'ValueObjectProps'.
src_refactored/core/domain/agent/value-objects/target-agent-role.vo.ts(9,60): error TS2344: Type 'TargetAgentRoleProps' does not satisfy the constraint 'ValueObjectProps'.
  Index signature for type 'string' is missing in type 'TargetAgentRoleProps'.
src_refactored/core/domain/annotation/annotation.entity.ts(70,71): error TS2345: Argument of type 'Identity | null' is not assignable to parameter of type 'AbstractValueObject<IdentityProps> | undefined'.
  Type 'null' is not assignable to type 'AbstractValueObject<IdentityProps> | undefined'.
src_refactored/core/domain/annotation/annotation.entity.ts(78,65): error TS2345: Argument of type 'Identity | null' is not assignable to parameter of type 'AbstractValueObject<IdentityProps> | undefined'.
  Type 'null' is not assignable to type 'AbstractValueObject<IdentityProps> | undefined'.
src_refactored/core/domain/job/__tests__/job.entity.serialization.spec.ts(40,35): error TS2339: Property 'toPersistence' does not exist on type 'JobEntity<{ msg: string; }, { res: string; }>'.
src_refactored/core/domain/job/__tests__/job.entity.serialization.spec.ts(54,55): error TS2339: Property 'processedOn' does not exist on type 'JobEntity<{ msg: string; }, { res: string; }>'.
src_refactored/core/domain/job/__tests__/job.entity.serialization.spec.ts(56,54): error TS2339: Property 'delayUntil' does not exist on type 'JobEntity<{ msg: string; }, { res: string; }>'.
src_refactored/core/domain/job/__tests__/job.entity.serialization.spec.ts(69,35): error TS2339: Property 'toPersistence' does not exist on type 'JobEntity<{ data: string; }, { done: boolean; }>'.
src_refactored/core/domain/job/__tests__/job.entity.serialization.spec.ts(73,54): error TS2339: Property 'finishedOn' does not exist on type 'JobEntity<{ data: string; }, { done: boolean; }>'.
src_refactored/core/domain/job/__tests__/job.entity.spec.ts(15,1): error TS2593: Cannot find name 'describe'. Do you need to install type definitions for a test runner? Try `npm i --save-dev @types/jest` or `npm i --save-dev @types/mocha` and then add 'jest' or 'mocha' to the types field in your tsconfig.
src_refactored/core/domain/job/__tests__/job.entity.spec.ts(16,3): error TS2593: Cannot find name 'it'. Do you need to install type definitions for a test runner? Try `npm i --save-dev @types/jest` or `npm i --save-dev @types/mocha` and then add 'jest' or 'mocha' to the types field in your tsconfig.
src_refactored/core/domain/job/__tests__/job.entity.spec.ts(19,5): error TS2304: Cannot find name 'expect'.
src_refactored/core/domain/job/__tests__/job.entity.spec.ts(20,5): error TS2304: Cannot find name 'expect'.
src_refactored/core/domain/job/__tests__/job.entity.spec.ts(21,5): error TS2304: Cannot find name 'expect'.
src_refactored/core/domain/job/__tests__/job.entity.spec.ts(21,16): error TS2339: Property 'queueName' does not exist on type 'JobEntity<{ data: string; }, unknown>'.
src_refactored/core/domain/job/__tests__/job.entity.spec.ts(22,5): error TS2304: Cannot find name 'expect'.
src_refactored/core/domain/job/__tests__/job.entity.spec.ts(22,16): error TS2339: Property 'name' does not exist on type 'JobEntity<{ data: string; }, unknown>'.
src_refactored/core/domain/job/__tests__/job.entity.spec.ts(23,5): error TS2304: Cannot find name 'expect'.
src_refactored/core/domain/job/__tests__/job.entity.spec.ts(23,16): error TS2339: Property 'payload' does not exist on type 'JobEntity<{ data: string; }, unknown>'.
src_refactored/core/domain/job/__tests__/job.entity.spec.ts(24,5): error TS2304: Cannot find name 'expect'.
src_refactored/core/domain/job/__tests__/job.entity.spec.ts(24,16): error TS2339: Property 'options' does not exist on type 'JobEntity<{ data: string; }, unknown>'.
src_refactored/core/domain/job/__tests__/job.entity.spec.ts(25,5): error TS2304: Cannot find name 'expect'.
src_refactored/core/domain/job/__tests__/job.entity.spec.ts(25,16): error TS2339: Property 'options' does not exist on type 'JobEntity<{ data: string; }, unknown>'.
src_refactored/core/domain/job/__tests__/job.entity.spec.ts(26,5): error TS2304: Cannot find name 'expect'.
src_refactored/core/domain/job/__tests__/job.entity.spec.ts(26,16): error TS2339: Property 'options' does not exist on type 'JobEntity<{ data: string; }, unknown>'.
src_refactored/core/domain/job/__tests__/job.entity.spec.ts(27,5): error TS2304: Cannot find name 'expect'.
src_refactored/core/domain/job/__tests__/job.entity.spec.ts(27,16): error TS2339: Property 'options' does not exist on type 'JobEntity<{ data: string; }, unknown>'.
src_refactored/core/domain/job/__tests__/job.entity.spec.ts(28,5): error TS2304: Cannot find name 'expect'.
src_refactored/core/domain/job/__tests__/job.entity.spec.ts(28,16): error TS2339: Property 'options' does not exist on type 'JobEntity<{ data: string; }, unknown>'.
src_refactored/core/domain/job/__tests__/job.entity.spec.ts(29,5): error TS2304: Cannot find name 'expect'.
src_refactored/core/domain/job/__tests__/job.entity.spec.ts(29,16): error TS2339: Property 'status' does not exist on type 'JobEntity<{ data: string; }, unknown>'.
src_refactored/core/domain/job/__tests__/job.entity.spec.ts(30,5): error TS2304: Cannot find name 'expect'.
src_refactored/core/domain/job/__tests__/job.entity.spec.ts(30,16): error TS2339: Property 'attemptsMade' does not exist on type 'JobEntity<{ data: string; }, unknown>'.
src_refactored/core/domain/job/__tests__/job.entity.spec.ts(31,5): error TS2304: Cannot find name 'expect'.
src_refactored/core/domain/job/__tests__/job.entity.spec.ts(31,16): error TS2339: Property 'progress' does not exist on type 'JobEntity<{ data: string; }, unknown>'.
src_refactored/core/domain/job/__tests__/job.entity.spec.ts(32,5): error TS2304: Cannot find name 'expect'.
src_refactored/core/domain/job/__tests__/job.entity.spec.ts(32,16): error TS2339: Property 'logs' does not exist on type 'JobEntity<{ data: string; }, unknown>'.
src_refactored/core/domain/job/__tests__/job.entity.spec.ts(33,5): error TS2304: Cannot find name 'expect'.
src_refactored/core/domain/job/__tests__/job.entity.spec.ts(34,5): error TS2304: Cannot find name 'expect'.
src_refactored/core/domain/job/__tests__/job.entity.spec.ts(35,5): error TS2304: Cannot find name 'expect'.
src_refactored/core/domain/job/__tests__/job.entity.spec.ts(35,16): error TS2339: Property 'processedOn' does not exist on type 'JobEntity<{ data: string; }, unknown>'.
src_refactored/core/domain/job/__tests__/job.entity.spec.ts(36,5): error TS2304: Cannot find name 'expect'.
src_refactored/core/domain/job/__tests__/job.entity.spec.ts(36,16): error TS2339: Property 'finishedOn' does not exist on type 'JobEntity<{ data: string; }, unknown>'.
src_refactored/core/domain/job/__tests__/job.entity.spec.ts(37,5): error TS2304: Cannot find name 'expect'.
src_refactored/core/domain/job/__tests__/job.entity.spec.ts(37,16): error TS2339: Property 'delayUntil' does not exist on type 'JobEntity<{ data: string; }, unknown>'.
src_refactored/core/domain/job/__tests__/job.entity.spec.ts(38,5): error TS2304: Cannot find name 'expect'.
src_refactored/core/domain/job/__tests__/job.entity.spec.ts(38,16): error TS2339: Property 'lockUntil' does not exist on type 'JobEntity<{ data: string; }, unknown>'.
src_refactored/core/domain/job/__tests__/job.entity.spec.ts(39,5): error TS2304: Cannot find name 'expect'.
src_refactored/core/domain/job/__tests__/job.entity.spec.ts(39,16): error TS2339: Property 'workerId' does not exist on type 'JobEntity<{ data: string; }, unknown>'.
src_refactored/core/domain/job/__tests__/job.entity.spec.ts(40,5): error TS2304: Cannot find name 'expect'.
src_refactored/core/domain/job/__tests__/job.entity.spec.ts(40,16): error TS2339: Property 'returnValue' does not exist on type 'JobEntity<{ data: string; }, unknown>'.
src_refactored/core/domain/job/__tests__/job.entity.spec.ts(41,5): error TS2304: Cannot find name 'expect'.
src_refactored/core/domain/job/__tests__/job.entity.spec.ts(41,16): error TS2339: Property 'failedReason' does not exist on type 'JobEntity<{ data: string; }, unknown>'.
src_refactored/core/domain/job/__tests__/job.entity.spec.ts(42,5): error TS2304: Cannot find name 'expect'.
src_refactored/core/domain/job/__tests__/job.entity.spec.ts(42,16): error TS2339: Property 'stacktrace' does not exist on type 'JobEntity<{ data: string; }, unknown>'.
src_refactored/core/domain/job/__tests__/job.entity.spec.ts(45,3): error TS2593: Cannot find name 'it'. Do you need to install type definitions for a test runner? Try `npm i --save-dev @types/jest` or `npm i --save-dev @types/mocha` and then add 'jest' or 'mocha' to the types field in your tsconfig.
src_refactored/core/domain/job/__tests__/job.entity.spec.ts(59,5): error TS2304: Cannot find name 'expect'.
src_refactored/core/domain/job/__tests__/job.entity.spec.ts(59,19): error TS2339: Property 'value' does not exist on type '() => JobIdVO'.
src_refactored/core/domain/job/__tests__/job.entity.spec.ts(60,5): error TS2304: Cannot find name 'expect'.
src_refactored/core/domain/job/__tests__/job.entity.spec.ts(60,16): error TS2339: Property 'options' does not exist on type 'JobEntity<{ data: string; }, unknown>'.
src_refactored/core/domain/job/__tests__/job.entity.spec.ts(61,5): error TS2304: Cannot find name 'expect'.
src_refactored/core/domain/job/__tests__/job.entity.spec.ts(61,16): error TS2339: Property 'options' does not exist on type 'JobEntity<{ data: string; }, unknown>'.
src_refactored/core/domain/job/__tests__/job.entity.spec.ts(62,5): error TS2304: Cannot find name 'expect'.
src_refactored/core/domain/job/__tests__/job.entity.spec.ts(62,16): error TS2339: Property 'options' does not exist on type 'JobEntity<{ data: string; }, unknown>'.
src_refactored/core/domain/job/__tests__/job.entity.spec.ts(63,5): error TS2304: Cannot find name 'expect'.
src_refactored/core/domain/job/__tests__/job.entity.spec.ts(63,16): error TS2339: Property 'options' does not exist on type 'JobEntity<{ data: string; }, unknown>'.
src_refactored/core/domain/job/__tests__/job.entity.spec.ts(64,5): error TS2304: Cannot find name 'expect'.
src_refactored/core/domain/job/__tests__/job.entity.spec.ts(64,16): error TS2339: Property 'options' does not exist on type 'JobEntity<{ data: string; }, unknown>'.
src_refactored/core/domain/job/__tests__/job.entity.spec.ts(65,5): error TS2304: Cannot find name 'expect'.
src_refactored/core/domain/job/__tests__/job.entity.spec.ts(65,16): error TS2339: Property 'options' does not exist on type 'JobEntity<{ data: string; }, unknown>'.
src_refactored/core/domain/job/__tests__/job.entity.spec.ts(66,5): error TS2304: Cannot find name 'expect'.
src_refactored/core/domain/job/__tests__/job.entity.spec.ts(66,16): error TS2339: Property 'options' does not exist on type 'JobEntity<{ data: string; }, unknown>'.
src_refactored/core/domain/job/__tests__/job.entity.spec.ts(67,5): error TS2304: Cannot find name 'expect'.
src_refactored/core/domain/job/__tests__/job.entity.spec.ts(67,16): error TS2339: Property 'status' does not exist on type 'JobEntity<{ data: string; }, unknown>'.
src_refactored/core/domain/job/__tests__/job.entity.spec.ts(68,5): error TS2304: Cannot find name 'expect'.
src_refactored/core/domain/job/__tests__/job.entity.spec.ts(68,16): error TS2339: Property 'delayUntil' does not exist on type 'JobEntity<{ data: string; }, unknown>'.
src_refactored/core/domain/job/__tests__/job.entity.spec.ts(69,5): error TS2304: Cannot find name 'expect'.
src_refactored/core/domain/job/__tests__/job.entity.spec.ts(69,16): error TS2339: Property 'delayUntil' does not exist on type 'JobEntity<{ data: string; }, unknown>'.
src_refactored/core/domain/job/__tests__/job.entity.spec.ts(73,1): error TS2593: Cannot find name 'describe'. Do you need to install type definitions for a test runner? Try `npm i --save-dev @types/jest` or `npm i --save-dev @types/mocha` and then add 'jest' or 'mocha' to the types field in your tsconfig.
src_refactored/core/domain/job/__tests__/job.entity.spec.ts(74,3): error TS2593: Cannot find name 'it'. Do you need to install type definitions for a test runner? Try `npm i --save-dev @types/jest` or `npm i --save-dev @types/mocha` and then add 'jest' or 'mocha' to the types field in your tsconfig.
src_refactored/core/domain/job/__tests__/job.entity.spec.ts(76,5): error TS2304: Cannot find name 'expect'.
src_refactored/core/domain/job/__tests__/job.entity.spec.ts(79,5): error TS2304: Cannot find name 'expect'.
src_refactored/core/domain/job/__tests__/job.entity.spec.ts(82,5): error TS2304: Cannot find name 'expect'.
src_refactored/core/domain/job/__tests__/job.entity.spec.ts(85,5): error TS2304: Cannot find name 'expect'.
src_refactored/core/domain/job/__tests__/job.entity.spec.ts(89,1): error TS2593: Cannot find name 'describe'. Do you need to install type definitions for a test runner? Try `npm i --save-dev @types/jest` or `npm i --save-dev @types/mocha` and then add 'jest' or 'mocha' to the types field in your tsconfig.
src_refactored/core/domain/job/__tests__/job.entity.spec.ts(92,3): error TS2304: Cannot find name 'beforeEach'.
src_refactored/core/domain/job/__tests__/job.entity.spec.ts(96,3): error TS2593: Cannot find name 'it'. Do you need to install type definitions for a test runner? Try `npm i --save-dev @types/jest` or `npm i --save-dev @types/mocha` and then add 'jest' or 'mocha' to the types field in your tsconfig.
src_refactored/core/domain/job/__tests__/job.entity.spec.ts(98,5): error TS2304: Cannot find name 'expect'.
src_refactored/core/domain/job/__tests__/job.entity.spec.ts(98,16): error TS2339: Property 'progress' does not exist on type 'JobEntity<unknown, unknown>'.
src_refactored/core/domain/job/__tests__/job.entity.spec.ts(99,5): error TS2304: Cannot find name 'expect'.
src_refactored/core/domain/job/__tests__/job.entity.spec.ts(99,26): error TS2339: Property 'getTime' does not exist on type '() => Date'.
src_refactored/core/domain/job/__tests__/job.entity.spec.ts(99,74): error TS2339: Property 'getTime' does not exist on type '() => Date'.
src_refactored/core/domain/job/__tests__/job.entity.spec.ts(101,5): error TS2304: Cannot find name 'expect'.
src_refactored/core/domain/job/__tests__/job.entity.spec.ts(101,16): error TS2339: Property 'progress' does not exist on type 'JobEntity<unknown, unknown>'.
src_refactored/core/domain/job/__tests__/job.entity.spec.ts(104,3): error TS2593: Cannot find name 'it'. Do you need to install type definitions for a test runner? Try `npm i --save-dev @types/jest` or `npm i --save-dev @types/mocha` and then add 'jest' or 'mocha' to the types field in your tsconfig.
src_refactored/core/domain/job/__tests__/job.entity.spec.ts(106,5): error TS2304: Cannot find name 'expect'.
src_refactored/core/domain/job/__tests__/job.entity.spec.ts(106,16): error TS2339: Property 'logs' does not exist on type 'JobEntity<unknown, unknown>'.
src_refactored/core/domain/job/__tests__/job.entity.spec.ts(107,5): error TS2304: Cannot find name 'expect'.
src_refactored/core/domain/job/__tests__/job.entity.spec.ts(107,16): error TS2339: Property 'logs' does not exist on type 'JobEntity<unknown, unknown>'.
src_refactored/core/domain/job/__tests__/job.entity.spec.ts(108,5): error TS2304: Cannot find name 'expect'.
src_refactored/core/domain/job/__tests__/job.entity.spec.ts(108,16): error TS2339: Property 'logs' does not exist on type 'JobEntity<unknown, unknown>'.
src_refactored/core/domain/job/__tests__/job.entity.spec.ts(109,5): error TS2304: Cannot find name 'expect'.
src_refactored/core/domain/job/__tests__/job.entity.spec.ts(109,16): error TS2339: Property 'logs' does not exist on type 'JobEntity<unknown, unknown>'.
src_refactored/core/domain/job/__tests__/job.entity.spec.ts(111,5): error TS2304: Cannot find name 'expect'.
src_refactored/core/domain/job/__tests__/job.entity.spec.ts(111,16): error TS2339: Property 'logs' does not exist on type 'JobEntity<unknown, unknown>'.
src_refactored/core/domain/job/__tests__/job.entity.spec.ts(112,5): error TS2304: Cannot find name 'expect'.
src_refactored/core/domain/job/__tests__/job.entity.spec.ts(112,16): error TS2339: Property 'logs' does not exist on type 'JobEntity<unknown, unknown>'.
src_refactored/core/domain/job/__tests__/job.entity.spec.ts(113,5): error TS2304: Cannot find name 'expect'.
src_refactored/core/domain/job/__tests__/job.entity.spec.ts(113,16): error TS2339: Property 'logs' does not exist on type 'JobEntity<unknown, unknown>'.
src_refactored/core/domain/job/__tests__/job.entity.spec.ts(117,1): error TS2593: Cannot find name 'describe'. Do you need to install type definitions for a test runner? Try `npm i --save-dev @types/jest` or `npm i --save-dev @types/mocha` and then add 'jest' or 'mocha' to the types field in your tsconfig.
src_refactored/core/domain/job/__tests__/job.entity.spec.ts(120,3): error TS2304: Cannot find name 'beforeEach'.
src_refactored/core/domain/job/__tests__/job.entity.spec.ts(125,3): error TS2593: Cannot find name 'it'. Do you need to install type definitions for a test runner? Try `npm i --save-dev @types/jest` or `npm i --save-dev @types/mocha` and then add 'jest' or 'mocha' to the types field in your tsconfig.
src_refactored/core/domain/job/__tests__/job.entity.spec.ts(126,35): error TS2339: Property 'lockUntil' does not exist on type 'JobEntity<unknown, unknown>'.
src_refactored/core/domain/job/__tests__/job.entity.spec.ts(129,5): error TS2304: Cannot find name 'expect'.
src_refactored/core/domain/job/__tests__/job.entity.spec.ts(129,16): error TS2339: Property 'lockUntil' does not exist on type 'JobEntity<unknown, unknown>'.
src_refactored/core/domain/job/__tests__/job.entity.spec.ts(130,5): error TS2304: Cannot find name 'expect'.
src_refactored/core/domain/job/__tests__/job.entity.spec.ts(130,16): error TS2339: Property 'lockUntil' does not exist on type 'JobEntity<unknown, unknown>'.
src_refactored/core/domain/job/__tests__/job.entity.spec.ts(131,5): error TS2304: Cannot find name 'expect'.
src_refactored/core/domain/job/__tests__/job.entity.spec.ts(131,26): error TS2339: Property 'getTime' does not exist on type '() => Date'.
src_refactored/core/domain/job/__tests__/job.entity.spec.ts(131,64): error TS2339: Property 'processedOn' does not exist on type 'JobEntity<unknown, unknown>'.
src_refactored/core/domain/job/__tests__/job.entity.spec.ts(134,3): error TS2593: Cannot find name 'it'. Do you need to install type definitions for a test runner? Try `npm i --save-dev @types/jest` or `npm i --save-dev @types/mocha` and then add 'jest' or 'mocha' to the types field in your tsconfig.
src_refactored/core/domain/job/__tests__/job.entity.spec.ts(136,5): error TS2304: Cannot find name 'expect'.
src_refactored/core/domain/job/__tests__/job.entity.spec.ts(137,5): error TS2304: Cannot find name 'expect'.
src_refactored/core/domain/job/__tests__/job.entity.spec.ts(140,3): error TS2593: Cannot find name 'it'. Do you need to install type definitions for a test runner? Try `npm i --save-dev @types/jest` or `npm i --save-dev @types/mocha` and then add 'jest' or 'mocha' to the types field in your tsconfig.
src_refactored/core/domain/job/__tests__/job.entity.spec.ts(143,5): error TS2304: Cannot find name 'expect'.
src_refactored/core/domain/job/__tests__/job.entity.spec.ts(144,5): error TS2304: Cannot find name 'expect'.
src_refactored/core/domain/job/__tests__/job.entity.state-transitions.spec.ts(27,16): error TS2339: Property 'status' does not exist on type 'JobEntity<{ data: string; }, { result: string; }>'.
src_refactored/core/domain/job/__tests__/job.entity.state-transitions.spec.ts(28,16): error TS2339: Property 'workerId' does not exist on type 'JobEntity<{ data: string; }, { result: string; }>'.
src_refactored/core/domain/job/__tests__/job.entity.state-transitions.spec.ts(29,16): error TS2339: Property 'lockUntil' does not exist on type 'JobEntity<{ data: string; }, { result: string; }>'.
src_refactored/core/domain/job/__tests__/job.entity.state-transitions.spec.ts(30,16): error TS2339: Property 'processedOn' does not exist on type 'JobEntity<{ data: string; }, { result: string; }>'.
src_refactored/core/domain/job/__tests__/job.entity.state-transitions.spec.ts(31,16): error TS2339: Property 'attemptsMade' does not exist on type 'JobEntity<{ data: string; }, { result: string; }>'.
src_refactored/core/domain/job/__tests__/job.entity.state-transitions.spec.ts(32,26): error TS2339: Property 'getTime' does not exist on type '() => Date'.
src_refactored/core/domain/job/__tests__/job.entity.state-transitions.spec.ts(32,74): error TS2339: Property 'getTime' does not exist on type '() => Date'.
src_refactored/core/domain/job/__tests__/job.entity.state-transitions.spec.ts(40,16): error TS2339: Property 'status' does not exist on type 'JobEntity<{ data: string; }, { result: string; }>'.
src_refactored/core/domain/job/__tests__/job.entity.state-transitions.spec.ts(41,16): error TS2339: Property 'returnValue' does not exist on type 'JobEntity<{ data: string; }, { result: string; }>'.
src_refactored/core/domain/job/__tests__/job.entity.state-transitions.spec.ts(42,16): error TS2339: Property 'finishedOn' does not exist on type 'JobEntity<{ data: string; }, { result: string; }>'.
src_refactored/core/domain/job/__tests__/job.entity.state-transitions.spec.ts(43,16): error TS2339: Property 'lockUntil' does not exist on type 'JobEntity<{ data: string; }, { result: string; }>'.
src_refactored/core/domain/job/__tests__/job.entity.state-transitions.spec.ts(44,16): error TS2339: Property 'workerId' does not exist on type 'JobEntity<{ data: string; }, { result: string; }>'.
src_refactored/core/domain/job/__tests__/job.entity.state-transitions.spec.ts(45,26): error TS2339: Property 'getTime' does not exist on type '() => Date'.
src_refactored/core/domain/job/__tests__/job.entity.state-transitions.spec.ts(45,64): error TS2339: Property 'processedOn' does not exist on type 'JobEntity<{ data: string; }, { result: string; }>'.
src_refactored/core/domain/job/__tests__/job.entity.state-transitions.spec.ts(57,30): error TS2339: Property 'status' does not exist on type 'JobEntity<{ data: string; }, unknown>'.
src_refactored/core/domain/job/__tests__/job.entity.state-transitions.spec.ts(58,30): error TS2339: Property 'failedReason' does not exist on type 'JobEntity<{ data: string; }, unknown>'.
src_refactored/core/domain/job/__tests__/job.entity.state-transitions.spec.ts(59,30): error TS2339: Property 'stacktrace' does not exist on type 'JobEntity<{ data: string; }, unknown>'.
src_refactored/core/domain/job/__tests__/job.entity.state-transitions.spec.ts(60,30): error TS2339: Property 'finishedOn' does not exist on type 'JobEntity<{ data: string; }, unknown>'.
src_refactored/core/domain/job/__tests__/job.entity.state-transitions.spec.ts(61,30): error TS2339: Property 'lockUntil' does not exist on type 'JobEntity<{ data: string; }, unknown>'.
src_refactored/core/domain/job/__tests__/job.entity.state-transitions.spec.ts(62,30): error TS2339: Property 'workerId' does not exist on type 'JobEntity<{ data: string; }, unknown>'.
src_refactored/core/domain/job/__tests__/job.entity.state-transitions.spec.ts(75,27): error TS2339: Property 'status' does not exist on type 'JobEntity<{ data: string; }, unknown>'.
src_refactored/core/domain/job/__tests__/job.entity.state-transitions.spec.ts(76,27): error TS2339: Property 'failedReason' does not exist on type 'JobEntity<{ data: string; }, unknown>'.
src_refactored/core/domain/job/__tests__/job.entity.state-transitions.spec.ts(77,27): error TS2339: Property 'delayUntil' does not exist on type 'JobEntity<{ data: string; }, unknown>'.
src_refactored/core/domain/job/__tests__/job.entity.state-transitions.spec.ts(78,27): error TS2339: Property 'delayUntil' does not exist on type 'JobEntity<{ data: string; }, unknown>'.
src_refactored/core/domain/job/__tests__/job.entity.state-transitions.spec.ts(79,27): error TS2339: Property 'lockUntil' does not exist on type 'JobEntity<{ data: string; }, unknown>'.
src_refactored/core/domain/job/__tests__/job.entity.state-transitions.spec.ts(80,27): error TS2339: Property 'workerId' does not exist on type 'JobEntity<{ data: string; }, unknown>'.
src_refactored/core/domain/job/__tests__/job.entity.state-transitions.spec.ts(81,27): error TS2339: Property 'attemptsMade' does not exist on type 'JobEntity<{ data: string; }, unknown>'.
src_refactored/core/domain/job/__tests__/job.entity.state-transitions.spec.ts(89,16): error TS2339: Property 'status' does not exist on type 'JobEntity<{ data: string; }, { result: string; }>'.
src_refactored/core/domain/job/__tests__/job.entity.state-transitions.spec.ts(90,16): error TS2339: Property 'delayUntil' does not exist on type 'JobEntity<{ data: string; }, { result: string; }>'.
src_refactored/core/domain/job/__tests__/job.entity.state-transitions.spec.ts(91,16): error TS2339: Property 'failedReason' does not exist on type 'JobEntity<{ data: string; }, { result: string; }>'.
src_refactored/core/domain/job/__tests__/job.entity.state-transitions.spec.ts(92,26): error TS2339: Property 'getTime' does not exist on type '() => Date'.
src_refactored/core/domain/job/__tests__/job.entity.state-transitions.spec.ts(92,63): error TS2339: Property 'getTime' does not exist on type '() => Date'.
src_refactored/core/domain/job/__tests__/job.entity.state-transitions.spec.ts(100,25): error TS2339: Property 'status' does not exist on type 'JobEntity<{ data: string; }, unknown>'.
src_refactored/core/domain/job/__tests__/job.entity.state-transitions.spec.ts(101,25): error TS2339: Property 'failedReason' does not exist on type 'JobEntity<{ data: string; }, unknown>'.
src_refactored/core/domain/job/__tests__/job.entity.state-transitions.spec.ts(102,25): error TS2339: Property 'lockUntil' does not exist on type 'JobEntity<{ data: string; }, unknown>'.
src_refactored/core/domain/job/__tests__/job.entity.state-transitions.spec.ts(103,25): error TS2339: Property 'workerId' does not exist on type 'JobEntity<{ data: string; }, unknown>'.
src_refactored/core/domain/job/__tests__/job.entity.state-transitions.spec.ts(111,25): error TS2339: Property 'status' does not exist on type 'JobEntity<{ data: string; }, unknown>'.
src_refactored/core/domain/job/__tests__/job.entity.state-transitions.spec.ts(112,25): error TS2339: Property 'lockUntil' does not exist on type 'JobEntity<{ data: string; }, unknown>'.
src_refactored/core/domain/job/__tests__/job.entity.state-transitions.spec.ts(113,25): error TS2339: Property 'workerId' does not exist on type 'JobEntity<{ data: string; }, unknown>'.
src_refactored/core/domain/job/job-persistence.mapper.ts(77,11): error TS2322: Type '() => string' is not assignable to type 'string'.
src_refactored/core/domain/job/job.entity.ts(19,3): error TS2344: Type 'JobIdVO' does not satisfy the constraint 'Identity'.
  Types of property 'equals' are incompatible.
    Type '(other?: JobIdVO | null | undefined) => boolean' is not assignable to type '(vo?: AbstractValueObject<IdentityProps> | undefined) => boolean'.
      Types of parameters 'other' and 'vo' are incompatible.
        Type 'AbstractValueObject<IdentityProps> | undefined' is not assignable to type 'JobIdVO | null | undefined'.
          Property 'value' is missing in type 'AbstractValueObject<IdentityProps>' but required in type 'JobIdVO'.
src_refactored/core/domain/job/utils/calculate-backoff.ts(3,10): error TS2724: '"../value-objects/job-options.vo"' has no exported member named 'BackoffOptions'. Did you mean 'IJobBackoffOptions'?
src_refactored/core/domain/job/utils/calculate-backoff.ts(3,26): error TS2305: Module '"../value-objects/job-options.vo"' has no exported member 'BackoffType'.
src_refactored/core/domain/job/value-objects/__tests__/job-id.vo.spec.ts(1,10): error TS2305: Module '"node:crypto"' has no exported member 'validate'.
src_refactored/core/domain/job/value-objects/__tests__/job-options.vo.spec.ts(119,24): error TS2345: Argument of type 'null' is not assignable to parameter of type 'AbstractValueObject<IJobOptions> | undefined'.
src_refactored/core/domain/job/value-objects/activity-history-entry.vo.ts(23,65): error TS2344: Type 'ActivityHistoryEntryProps' does not satisfy the constraint 'ValueObjectProps'.
  Index signature for type 'string' is missing in type 'ActivityHistoryEntryProps'.
src_refactored/core/domain/job/value-objects/activity-history.vo.ts(15,60): error TS2344: Type 'ActivityHistoryProps' does not satisfy the constraint 'ValueObjectProps'.
  Index signature for type 'string' is missing in type 'ActivityHistoryProps'.
src_refactored/core/domain/job/value-objects/job-id.vo.ts(11,50): error TS2344: Type 'JobIdProps' does not satisfy the constraint 'ValueObjectProps'.
  Index signature for type 'string' is missing in type 'JobIdProps'.
src_refactored/core/domain/job/value-objects/job-id.vo.ts(33,10): error TS2416: Property 'equals' in type 'JobIdVO' is not assignable to the same property in base type 'AbstractValueObject<JobIdProps>'.
  Type '(other?: JobIdVO | null | undefined) => boolean' is not assignable to type '(vo?: AbstractValueObject<JobIdProps> | undefined) => boolean'.
    Types of parameters 'other' and 'vo' are incompatible.
      Type 'AbstractValueObject<JobIdProps> | undefined' is not assignable to type 'JobIdVO | null | undefined'.
        Property 'value' is missing in type 'AbstractValueObject<JobIdProps>' but required in type 'JobIdVO'.
src_refactored/core/domain/job/value-objects/job-options.vo.ts(48,55): error TS2344: Type 'IJobOptions' does not satisfy the constraint 'ValueObjectProps'.
  Index signature for type 'string' is missing in type 'IJobOptions'.
src_refactored/core/domain/memory/memory-item.entity.ts(89,9): error TS2532: Object is possibly 'undefined'.
src_refactored/core/domain/memory/memory-item.entity.ts(94,71): error TS2345: Argument of type 'Identity | null' is not assignable to parameter of type 'AbstractValueObject<IdentityProps> | undefined'.
  Type 'null' is not assignable to type 'AbstractValueObject<IdentityProps> | undefined'.
src_refactored/core/domain/memory/value-objects/memory-item-embedding.vo.ts(49,10): error TS2416: Property 'equals' in type 'MemoryItemEmbedding' is not assignable to the same property in base type 'AbstractValueObject<MemoryItemEmbeddingProps>'.
  Type '(other?: MemoryItemEmbedding | null | undefined) => boolean' is not assignable to type '(vo?: AbstractValueObject<MemoryItemEmbeddingProps> | undefined) => boolean'.
    Types of parameters 'other' and 'vo' are incompatible.
      Type 'AbstractValueObject<MemoryItemEmbeddingProps> | undefined' is not assignable to type 'MemoryItemEmbedding | null | undefined'.
        Property 'value' is missing in type 'AbstractValueObject<MemoryItemEmbeddingProps>' but required in type 'MemoryItemEmbedding'.
src_refactored/core/domain/memory/value-objects/memory-item-tags.vo.ts(70,10): error TS2416: Property 'equals' in type 'MemoryItemTags' is not assignable to the same property in base type 'AbstractValueObject<MemoryItemTagsProps>'.
  Type '(other?: MemoryItemTags | null | undefined) => boolean' is not assignable to type '(vo?: AbstractValueObject<MemoryItemTagsProps> | undefined) => boolean'.
    Types of parameters 'other' and 'vo' are incompatible.
      Type 'AbstractValueObject<MemoryItemTagsProps> | undefined' is not assignable to type 'MemoryItemTags | null | undefined'.
        Property 'value' is missing in type 'AbstractValueObject<MemoryItemTagsProps>' but required in type 'MemoryItemTags'.
src_refactored/core/domain/project/project.entity.ts(52,5): error TS2322: Type 'ProjectDescription | undefined' is not assignable to type 'ProjectDescription'.
  Type 'undefined' is not assignable to type 'ProjectDescription'.
src_refactored/core/domain/user/user.entity.ts(152,38): error TS2345: Argument of type 'Identity | null' is not assignable to parameter of type 'AbstractValueObject<IdentityProps> | undefined'.
  Type 'null' is not assignable to type 'AbstractValueObject<IdentityProps> | undefined'.
src_refactored/examples/queue-usage-example.final.ts(145,17): error TS2554: Expected 6 arguments, but got 2.
src_refactored/infrastructure/ioc/inversify.config.ts(34,35): error TS2339: Property 'container' does not exist on type 'ResolutionContext'.
src_refactored/infrastructure/persistence/drizzle/job/drizzle-job.mapper.ts(3,3): error TS2459: Module '"@/core/domain/job/job.types"' declares 'IJobOptions' locally, but it is not exported.
src_refactored/infrastructure/persistence/drizzle/job/drizzle-job.mapper.ts(25,3): error TS2741: Property 'priority' is missing in type '{ id: string; queueName: string; name: string; payload: P; options: IJobOptions; status: JobStatus; attemptsMade: number; progress: number | object; logs: { message: string; level: string; timestamp: number; }[]; ... 9 more ...; stacktrace: string[] | null; }' but required in type 'JobPersistenceData<P, R>'.
src_refactored/infrastructure/persistence/drizzle/job/drizzle-job.repository.ts(32,51): error TS2749: 'DbType' refers to a value, but is being used as a type here. Did you mean 'typeof DbType'?
src_refactored/infrastructure/persistence/drizzle/job/drizzle-job.repository.ts(55,14): error TS2769: No overload matches this call.
  Overload 1 of 3, '(left: SQLiteColumn<{ name: "id"; tableName: "jobs"; dataType: "string"; columnType: "SQLiteText"; data: string; driverParam: string; notNull: true; hasDefault: false; isPrimaryKey: true; isAutoincrement: false; ... 4 more ...; generated: undefined; }, {}, { ...; }>, right: string | SQLWrapper): SQL<...>', gave the following error.
    Argument of type '() => string' is not assignable to parameter of type 'string | SQLWrapper'.
  Overload 2 of 3, '(left: Aliased<() => string>, right: (() => string) | SQLWrapper): SQL<unknown>', gave the following error.
    Argument of type 'SQLiteColumn<{ name: "id"; tableName: "jobs"; dataType: "string"; columnType: "SQLiteText"; data: string; driverParam: string; notNull: true; hasDefault: false; isPrimaryKey: true; isAutoincrement: false; ... 4 more ...; generated: undefined; }, {}, { ...; }>' is not assignable to parameter of type 'Aliased<() => string>'.
      Type 'SQLiteColumn<{ name: "id"; tableName: "jobs"; dataType: "string"; columnType: "SQLiteText"; data: string; driverParam: string; notNull: true; hasDefault: false; isPrimaryKey: true; isAutoincrement: false; ... 4 more ...; generated: undefined; }, {}, { ...; }>' is missing the following properties from type 'Aliased<() => string>': sql, fieldAlias
  Overload 3 of 3, '(left: never, right: unknown): SQL<unknown>', gave the following error.
    Argument of type 'SQLiteColumn<{ name: "id"; tableName: "jobs"; dataType: "string"; columnType: "SQLiteText"; data: string; driverParam: string; notNull: true; hasDefault: false; isPrimaryKey: true; isAutoincrement: false; ... 4 more ...; generated: undefined; }, {}, { ...; }>' is not assignable to parameter of type 'never'.
src_refactored/infrastructure/persistence/drizzle/job/drizzle-job.repository.ts(58,22): error TS2339: Property 'fromPersistence' does not exist on type 'typeof JobEntity'.
src_refactored/infrastructure/persistence/drizzle/job/drizzle-job.repository.ts(74,25): error TS7006: Parameter 'jobData' implicitly has an 'any' type.
src_refactored/infrastructure/persistence/drizzle/job/drizzle-job.repository.ts(75,17): error TS2339: Property 'fromPersistence' does not exist on type 'typeof JobEntity'.
src_refactored/infrastructure/persistence/drizzle/job/drizzle-job.repository.ts(87,18): error TS2769: No overload matches this call.
  Overload 1 of 3, '(left: SQLiteColumn<{ name: "id"; tableName: "jobs"; dataType: "string"; columnType: "SQLiteText"; data: string; driverParam: string; notNull: true; hasDefault: false; isPrimaryKey: true; isAutoincrement: false; ... 4 more ...; generated: undefined; }, {}, { ...; }>, right: string | SQLWrapper): SQL<...>', gave the following error.
    Argument of type '() => string' is not assignable to parameter of type 'string | SQLWrapper'.
  Overload 2 of 3, '(left: Aliased<() => string>, right: (() => string) | SQLWrapper): SQL<unknown>', gave the following error.
    Argument of type 'SQLiteColumn<{ name: "id"; tableName: "jobs"; dataType: "string"; columnType: "SQLiteText"; data: string; driverParam: string; notNull: true; hasDefault: false; isPrimaryKey: true; isAutoincrement: false; ... 4 more ...; generated: undefined; }, {}, { ...; }>' is not assignable to parameter of type 'Aliased<() => string>'.
      Type 'SQLiteColumn<{ name: "id"; tableName: "jobs"; dataType: "string"; columnType: "SQLiteText"; data: string; driverParam: string; notNull: true; hasDefault: false; isPrimaryKey: true; isAutoincrement: false; ... 4 more ...; generated: undefined; }, {}, { ...; }>' is missing the following properties from type 'Aliased<() => string>': sql, fieldAlias
  Overload 3 of 3, '(left: never, right: unknown): SQL<unknown>', gave the following error.
    Argument of type 'SQLiteColumn<{ name: "id"; tableName: "jobs"; dataType: "string"; columnType: "SQLiteText"; data: string; driverParam: string; notNull: true; hasDefault: false; isPrimaryKey: true; isAutoincrement: false; ... 4 more ...; generated: undefined; }, {}, { ...; }>' is not assignable to parameter of type 'never'.
src_refactored/infrastructure/persistence/drizzle/job/drizzle-job.repository.ts(99,18): error TS2769: No overload matches this call.
  Overload 1 of 3, '(left: SQLiteColumn<{ name: "id"; tableName: "jobs"; dataType: "string"; columnType: "SQLiteText"; data: string; driverParam: string; notNull: true; hasDefault: false; isPrimaryKey: true; isAutoincrement: false; ... 4 more ...; generated: undefined; }, {}, { ...; }>, right: string | SQLWrapper): SQL<...>', gave the following error.
    Argument of type '() => string' is not assignable to parameter of type 'string | SQLWrapper'.
  Overload 2 of 3, '(left: Aliased<() => string>, right: (() => string) | SQLWrapper): SQL<unknown>', gave the following error.
    Argument of type 'SQLiteColumn<{ name: "id"; tableName: "jobs"; dataType: "string"; columnType: "SQLiteText"; data: string; driverParam: string; notNull: true; hasDefault: false; isPrimaryKey: true; isAutoincrement: false; ... 4 more ...; generated: undefined; }, {}, { ...; }>' is not assignable to parameter of type 'Aliased<() => string>'.
      Type 'SQLiteColumn<{ name: "id"; tableName: "jobs"; dataType: "string"; columnType: "SQLiteText"; data: string; driverParam: string; notNull: true; hasDefault: false; isPrimaryKey: true; isAutoincrement: false; ... 4 more ...; generated: undefined; }, {}, { ...; }>' is missing the following properties from type 'Aliased<() => string>': sql, fieldAlias
  Overload 3 of 3, '(left: never, right: unknown): SQL<unknown>', gave the following error.
    Argument of type 'SQLiteColumn<{ name: "id"; tableName: "jobs"; dataType: "string"; columnType: "SQLiteText"; data: string; driverParam: string; notNull: true; hasDefault: false; isPrimaryKey: true; isAutoincrement: false; ... 4 more ...; generated: undefined; }, {}, { ...; }>' is not assignable to parameter of type 'never'.
src_refactored/infrastructure/persistence/drizzle/job/drizzle-job.repository.ts(111,25): error TS7006: Parameter 'jobData' implicitly has an 'any' type.
src_refactored/infrastructure/persistence/drizzle/job/drizzle-job.repository.ts(112,17): error TS2339: Property 'fromPersistence' does not exist on type 'typeof JobEntity'.
src_refactored/infrastructure/persistence/drizzle/job/drizzle-job.repository.ts(119,14): error TS2769: No overload matches this call.
  Overload 1 of 3, '(left: SQLiteColumn<{ name: "id"; tableName: "jobs"; dataType: "string"; columnType: "SQLiteText"; data: string; driverParam: string; notNull: true; hasDefault: false; isPrimaryKey: true; isAutoincrement: false; ... 4 more ...; generated: undefined; }, {}, { ...; }>, right: string | SQLWrapper): SQL<...>', gave the following error.
    Argument of type '() => string' is not assignable to parameter of type 'string | SQLWrapper'.
  Overload 2 of 3, '(left: Aliased<() => string>, right: (() => string) | SQLWrapper): SQL<unknown>', gave the following error.
    Argument of type 'SQLiteColumn<{ name: "id"; tableName: "jobs"; dataType: "string"; columnType: "SQLiteText"; data: string; driverParam: string; notNull: true; hasDefault: false; isPrimaryKey: true; isAutoincrement: false; ... 4 more ...; generated: undefined; }, {}, { ...; }>' is not assignable to parameter of type 'Aliased<() => string>'.
      Type 'SQLiteColumn<{ name: "id"; tableName: "jobs"; dataType: "string"; columnType: "SQLiteText"; data: string; driverParam: string; notNull: true; hasDefault: false; isPrimaryKey: true; isAutoincrement: false; ... 4 more ...; generated: undefined; }, {}, { ...; }>' is missing the following properties from type 'Aliased<() => string>': sql, fieldAlias
  Overload 3 of 3, '(left: never, right: unknown): SQL<unknown>', gave the following error.
    Argument of type 'SQLiteColumn<{ name: "id"; tableName: "jobs"; dataType: "string"; columnType: "SQLiteText"; data: string; driverParam: string; notNull: true; hasDefault: false; isPrimaryKey: true; isAutoincrement: false; ... 4 more ...; generated: undefined; }, {}, { ...; }>' is not assignable to parameter of type 'never'.
src_refactored/infrastructure/persistence/drizzle/job/drizzle-job.repository.ts(139,25): error TS7006: Parameter 'jobData' implicitly has an 'any' type.
src_refactored/infrastructure/persistence/drizzle/job/drizzle-job.repository.ts(140,17): error TS2339: Property 'fromPersistence' does not exist on type 'typeof JobEntity'.
src_refactored/infrastructure/persistence/drizzle/job/drizzle-job.repository.ts(151,23): error TS2339: Property 'sql' does not exist on type 'typeof import("/app/src_refactored/infrastructure/persistence/drizzle/schema/index")'.
src_refactored/infrastructure/persistence/drizzle/job/drizzle-job.repository.ts(159,8): error TS7006: Parameter 'acc' implicitly has an 'any' type.
src_refactored/infrastructure/persistence/drizzle/job/drizzle-job.repository.ts(159,13): error TS7006: Parameter 'row' implicitly has an 'any' type.
src_refactored/infrastructure/persistence/drizzle/job/drizzle-job.repository.ts(193,35): error TS7006: Parameter 'jobEntry' implicitly has an 'any' type.
src_refactored/infrastructure/persistence/drizzle/repositories/project.repository.ts(25,9): error TS2416: Property 'save' in type 'DrizzleProjectRepository' is not assignable to the same property in base type 'IProjectRepository'.
  Type '(project: Project) => Promise<Result<Project, DomainError>>' is not assignable to type '(project: Project) => Promise<Result<void>>'.
    Type 'Promise<Result<Project, DomainError>>' is not assignable to type 'Promise<Result<void>>'.
      Type 'Result<Project, DomainError>' is not assignable to type 'Result<void>'.
        Type 'Success<Project>' is not assignable to type 'Result<void>'.
          Type 'Success<Project>' is not assignable to type 'Success<void>'.
            Type 'Project' is not assignable to type 'void'.
src_refactored/infrastructure/persistence/drizzle/repositories/project.repository.ts(27,76): error TS2339: Property 'value' does not exist on type '() => ProjectId'.
src_refactored/infrastructure/persistence/drizzle/test-db.ts(21,20): error TS2709: Cannot use namespace 'Database' as a type.
src_refactored/infrastructure/persistence/drizzle/test-db.ts(26,51): error TS2709: Cannot use namespace 'Database' as a type.
src_refactored/infrastructure/persistence/in-memory/repositories/agent-internal-state.repository.ts(7,18): error TS2724: '"@/shared/result"' has no exported member named 'Ok'. Did you mean 'ok'?
src_refactored/infrastructure/persistence/in-memory/repositories/agent-internal-state.repository.ts(7,22): error TS2305: Module '"@/shared/result"' has no exported member 'Err'.
src_refactored/infrastructure/persistence/in-memory/repositories/agent-internal-state.repository.ts(16,27): error TS2339: Property 'id' does not exist on type 'AgentInternalState'.
src_refactored/infrastructure/persistence/in-memory/repositories/agent-internal-state.repository.ts(24,25): error TS2339: Property 'equals' does not exist on type '() => AgentId'.
src_refactored/infrastructure/persistence/in-memory/repositories/agent-internal-state.repository.ts(34,25): error TS2339: Property 'equals' does not exist on type '() => AgentId'.
src_refactored/infrastructure/persistence/in-memory/repositories/agent-persona-template.repository.ts(3,10): error TS2724: '"@/core/domain/agent/agent-persona-template.vo"' has no exported member named 'AgentPersonaTemplateVO'. Did you mean 'AgentPersonaTemplate'?
src_refactored/infrastructure/persistence/in-memory/repositories/agent-persona-template.repository.ts(5,10): error TS2724: '"@/core/domain/agent/value-objects/persona/persona-id.vo"' has no exported member named 'PersonaIdVO'. Did you mean 'PersonaId'?
src_refactored/infrastructure/persistence/in-memory/repositories/agent-persona-template.repository.ts(7,18): error TS2724: '"@/shared/result"' has no exported member named 'Ok'. Did you mean 'ok'?
src_refactored/infrastructure/persistence/in-memory/repositories/agent-persona-template.repository.ts(7,22): error TS2305: Module '"@/shared/result"' has no exported member 'Err'.
src_refactored/infrastructure/persistence/in-memory/repositories/agent-persona-template.repository.ts(10,14): error TS2420: Class 'InMemoryAgentPersonaTemplateRepository' incorrectly implements interface 'IAgentPersonaTemplateRepository'.
  Property 'findByRole' is missing in type 'InMemoryAgentPersonaTemplateRepository' but required in type 'IAgentPersonaTemplateRepository'.
src_refactored/infrastructure/persistence/in-memory/repositories/agent.repository.ts(6,10): error TS2724: '"@/core/domain/agent/value-objects/persona/persona-id.vo"' has no exported member named 'PersonaIdVO'. Did you mean 'PersonaId'?
src_refactored/infrastructure/persistence/in-memory/repositories/agent.repository.ts(8,18): error TS2724: '"@/shared/result"' has no exported member named 'Ok'. Did you mean 'ok'?
src_refactored/infrastructure/persistence/in-memory/repositories/agent.repository.ts(8,22): error TS2305: Module '"@/shared/result"' has no exported member 'Err'.
src_refactored/infrastructure/persistence/in-memory/repositories/agent.repository.ts(15,30): error TS2339: Property 'value' does not exist on type '() => AgentId'.
src_refactored/infrastructure/persistence/in-memory/repositories/agent.repository.ts(20,35): error TS2345: Argument of type '() => string' is not assignable to parameter of type 'string'.
src_refactored/infrastructure/persistence/in-memory/repositories/agent.repository.ts(29,26): error TS2345: Argument of type '() => string' is not assignable to parameter of type 'string'.
src_refactored/infrastructure/persistence/in-memory/repositories/agent.repository.ts(32,24): error TS2345: Argument of type '() => string' is not assignable to parameter of type 'string'.
src_refactored/infrastructure/persistence/in-memory/repositories/agent.repository.ts(38,13): error TS2339: Property 'personaId' does not exist on type 'Agent'.
src_refactored/infrastructure/persistence/in-memory/repositories/annotation.repository.ts(8,18): error TS2724: '"@/shared/result"' has no exported member named 'Ok'. Did you mean 'ok'?
src_refactored/infrastructure/persistence/in-memory/repositories/annotation.repository.ts(8,22): error TS2305: Module '"@/shared/result"' has no exported member 'Err'.
src_refactored/infrastructure/persistence/in-memory/repositories/annotation.repository.ts(14,9): error TS2416: Property 'save' in type 'InMemoryAnnotationRepository' is not assignable to the same property in base type 'IAnnotationRepository'.
  Type '(annotation: Annotation) => Promise<Result<void, Error>>' is not assignable to type '(annotation: Annotation) => Promise<Result<Annotation, DomainError>>'.
    Type 'Promise<Result<void, Error>>' is not assignable to type 'Promise<Result<Annotation, DomainError>>'.
      Type 'Result<void, Error>' is not assignable to type 'Result<Annotation, DomainError>'.
        Type 'Failure<Error>' is not assignable to type 'Result<Annotation, DomainError>'.
          Type 'Failure<Error>' is not assignable to type 'Failure<DomainError>'.
            Type 'Error' is not assignable to type 'DomainError'.
              Types of property 'cause' are incompatible.
                Type 'unknown' is not assignable to type 'Error | undefined'.
src_refactored/infrastructure/persistence/in-memory/repositories/annotation.repository.ts(15,40): error TS2339: Property 'value' does not exist on type '() => AnnotationId'.
src_refactored/infrastructure/persistence/in-memory/repositories/annotation.repository.ts(19,9): error TS2416: Property 'findById' in type 'InMemoryAnnotationRepository' is not assignable to the same property in base type 'IAnnotationRepository'.
  Type '(id: AnnotationId) => Promise<Result<Annotation | null, Error>>' is not assignable to type '(id: AnnotationId) => Promise<Result<Annotation | null, DomainError>>'.
    Type 'Promise<Result<Annotation | null, Error>>' is not assignable to type 'Promise<Result<Annotation | null, DomainError>>'.
      Type 'Result<Annotation | null, Error>' is not assignable to type 'Result<Annotation | null, DomainError>'.
        Type 'Failure<Error>' is not assignable to type 'Result<Annotation | null, DomainError>'.
          Type 'Failure<Error>' is not assignable to type 'Failure<DomainError>'.
            Type 'Error' is not assignable to type 'DomainError'.
              Types of property 'cause' are incompatible.
                Type 'unknown' is not assignable to type 'Error | undefined'.
src_refactored/infrastructure/persistence/in-memory/repositories/annotation.repository.ts(20,45): error TS2345: Argument of type '() => string' is not assignable to parameter of type 'string'.
src_refactored/infrastructure/persistence/in-memory/repositories/annotation.repository.ts(24,9): error TS2416: Property 'findByJobId' in type 'InMemoryAnnotationRepository' is not assignable to the same property in base type 'IAnnotationRepository'.
  Type '(jobId: JobIdVO) => Promise<Result<Annotation[], Error>>' is not assignable to type '(jobId: Identity, limit?: number | undefined, offset?: number | undefined) => Promise<Result<Annotation[], DomainError>>'.
    Types of parameters 'jobId' and 'jobId' are incompatible.
      Type 'Identity' is not assignable to type 'JobIdVO'.
        Types of property 'equals' are incompatible.
          Type '(vo?: AbstractValueObject<IdentityProps> | undefined) => boolean' is not assignable to type '(other?: JobIdVO | null | undefined) => boolean'.
            Types of parameters 'vo' and 'other' are incompatible.
              Type 'JobIdVO | null | undefined' is not assignable to type 'AbstractValueObject<IdentityProps> | undefined'.
                Type 'null' is not assignable to type 'AbstractValueObject<IdentityProps> | undefined'.
src_refactored/infrastructure/persistence/in-memory/repositories/annotation.repository.ts(26,36): error TS2345: Argument of type 'JobIdVO' is not assignable to parameter of type 'AbstractValueObject<IdentityProps>'.
  Types of property 'equals' are incompatible.
    Type '(other?: JobIdVO | null | undefined) => boolean' is not assignable to type '(vo?: AbstractValueObject<IdentityProps> | undefined) => boolean'.
      Types of parameters 'other' and 'vo' are incompatible.
        Type 'AbstractValueObject<IdentityProps> | undefined' is not assignable to type 'JobIdVO | null | undefined'.
          Property 'value' is missing in type 'AbstractValueObject<IdentityProps>' but required in type 'JobIdVO'.
src_refactored/infrastructure/persistence/in-memory/repositories/annotation.repository.ts(35,9): error TS2416: Property 'delete' in type 'InMemoryAnnotationRepository' is not assignable to the same property in base type 'IAnnotationRepository'.
  Type '(id: AnnotationId) => Promise<Result<void, Error>>' is not assignable to type '(id: AnnotationId) => Promise<Result<void, DomainError>>'.
    Type 'Promise<Result<void, Error>>' is not assignable to type 'Promise<Result<void, DomainError>>'.
      Type 'Result<void, Error>' is not assignable to type 'Result<void, DomainError>'.
        Type 'Failure<Error>' is not assignable to type 'Result<void, DomainError>'.
          Type 'Failure<Error>' is not assignable to type 'Failure<DomainError>'.
            Type 'Error' is not assignable to type 'DomainError'.
              Types of property 'cause' are incompatible.
                Type 'unknown' is not assignable to type 'Error | undefined'.
src_refactored/infrastructure/persistence/in-memory/repositories/annotation.repository.ts(36,31): error TS2345: Argument of type '() => string' is not assignable to parameter of type 'string'.
src_refactored/infrastructure/persistence/in-memory/repositories/annotation.repository.ts(39,29): error TS2345: Argument of type '() => string' is not assignable to parameter of type 'string'.
src_refactored/infrastructure/persistence/in-memory/repositories/llm-provider-config.repository.ts(7,18): error TS2724: '"@/shared/result"' has no exported member named 'Ok'. Did you mean 'ok'?
src_refactored/infrastructure/persistence/in-memory/repositories/llm-provider-config.repository.ts(7,22): error TS2305: Module '"@/shared/result"' has no exported member 'Err'.
src_refactored/infrastructure/persistence/in-memory/repositories/llm-provider-config.repository.ts(10,14): error TS2420: Class 'InMemoryLLMProviderConfigRepository' incorrectly implements interface 'ILLMProviderConfigRepository'.
  Property 'findByProviderId' is missing in type 'InMemoryLLMProviderConfigRepository' but required in type 'ILLMProviderConfigRepository'.
src_refactored/infrastructure/persistence/in-memory/repositories/llm-provider-config.repository.ts(16,32): error TS2339: Property 'value' does not exist on type '() => LLMProviderConfigId'.
src_refactored/infrastructure/persistence/in-memory/repositories/llm-provider-config.repository.ts(23,37): error TS2345: Argument of type '() => string' is not assignable to parameter of type 'string'.
src_refactored/infrastructure/persistence/in-memory/repositories/llm-provider-config.repository.ts(31,18): error TS2339: Property 'providerName' does not exist on type 'LLMProviderConfig'.
src_refactored/infrastructure/persistence/in-memory/repositories/llm-provider-config.repository.ts(43,27): error TS2345: Argument of type '() => string' is not assignable to parameter of type 'string'.
src_refactored/infrastructure/persistence/in-memory/repositories/llm-provider-config.repository.ts(46,25): error TS2345: Argument of type '() => string' is not assignable to parameter of type 'string'.
src_refactored/infrastructure/persistence/in-memory/repositories/memory.repository.ts(5,29): error TS2305: Module '"@/core/domain/memory/ports/memory-repository.interface"' has no exported member 'SearchFilters'.
src_refactored/infrastructure/persistence/in-memory/repositories/memory.repository.ts(5,44): error TS2305: Module '"@/core/domain/memory/ports/memory-repository.interface"' has no exported member 'SearchOptions'.
src_refactored/infrastructure/persistence/in-memory/repositories/memory.repository.ts(8,18): error TS2724: '"@/shared/result"' has no exported member named 'Ok'. Did you mean 'ok'?
src_refactored/infrastructure/persistence/in-memory/repositories/memory.repository.ts(8,22): error TS2305: Module '"@/shared/result"' has no exported member 'Err'.
src_refactored/infrastructure/persistence/in-memory/repositories/memory.repository.ts(15,9): error TS2416: Property 'save' in type 'InMemoryMemoryRepository' is not assignable to the same property in base type 'IMemoryRepository'.
  Type '(item: MemoryItem) => Promise<Result<void, Error>>' is not assignable to type '(memoryItem: MemoryItem) => Promise<Result<MemoryItem, DomainError>>'.
    Type 'Promise<Result<void, Error>>' is not assignable to type 'Promise<Result<MemoryItem, DomainError>>'.
      Type 'Result<void, Error>' is not assignable to type 'Result<MemoryItem, DomainError>'.
        Type 'Failure<Error>' is not assignable to type 'Result<MemoryItem, DomainError>'.
          Type 'Failure<Error>' is not assignable to type 'Failure<DomainError>'.
            Type 'Error' is not assignable to type 'DomainError'.
              Types of property 'cause' are incompatible.
                Type 'unknown' is not assignable to type 'Error | undefined'.
src_refactored/infrastructure/persistence/in-memory/repositories/memory.repository.ts(16,28): error TS2339: Property 'value' does not exist on type '() => MemoryItemId'.
src_refactored/infrastructure/persistence/in-memory/repositories/memory.repository.ts(20,9): error TS2416: Property 'findById' in type 'InMemoryMemoryRepository' is not assignable to the same property in base type 'IMemoryRepository'.
  Type '(id: MemoryItemId) => Promise<Result<MemoryItem | null, Error>>' is not assignable to type '(id: MemoryItemId) => Promise<Result<MemoryItem | null, DomainError>>'.
    Type 'Promise<Result<MemoryItem | null, Error>>' is not assignable to type 'Promise<Result<MemoryItem | null, DomainError>>'.
      Type 'Result<MemoryItem | null, Error>' is not assignable to type 'Result<MemoryItem | null, DomainError>'.
        Type 'Failure<Error>' is not assignable to type 'Result<MemoryItem | null, DomainError>'.
          Type 'Failure<Error>' is not assignable to type 'Failure<DomainError>'.
            Type 'Error' is not assignable to type 'DomainError'.
              Types of property 'cause' are incompatible.
                Type 'unknown' is not assignable to type 'Error | undefined'.
src_refactored/infrastructure/persistence/in-memory/repositories/memory.repository.ts(21,33): error TS2345: Argument of type '() => string' is not assignable to parameter of type 'string'.
src_refactored/infrastructure/persistence/in-memory/repositories/memory.repository.ts(25,9): error TS2416: Property 'search' in type 'InMemoryMemoryRepository' is not assignable to the same property in base type 'IMemoryRepository'.
  Type '(filters: SearchFilters, options: SearchOptions) => Promise<Result<MemoryItem[], Error>>' is not assignable to type '(filters: MemorySearchFilters, pagination: PageOptions) => Promise<Result<PaginatedMemoryItemsResult, DomainError>>'.
    Type 'Promise<Result<MemoryItem[], Error>>' is not assignable to type 'Promise<Result<PaginatedMemoryItemsResult, DomainError>>'.
      Type 'Result<MemoryItem[], Error>' is not assignable to type 'Result<PaginatedMemoryItemsResult, DomainError>'.
        Type 'Failure<Error>' is not assignable to type 'Result<PaginatedMemoryItemsResult, DomainError>'.
          Type 'Failure<Error>' is not assignable to type 'Failure<DomainError>'.
            Type 'Error' is not assignable to type 'DomainError'.
              Types of property 'cause' are incompatible.
                Type 'unknown' is not assignable to type 'Error | undefined'.
src_refactored/infrastructure/persistence/in-memory/repositories/memory.repository.ts(33,29): error TS7006: Parameter 'tag' implicitly has an 'any' type.
src_refactored/infrastructure/persistence/in-memory/repositories/memory.repository.ts(33,54): error TS2339: Property 'some' does not exist on type '() => string[]'.
src_refactored/infrastructure/persistence/in-memory/repositories/memory.repository.ts(33,59): error TS7006: Parameter 'itemTag' implicitly has an 'any' type.
src_refactored/infrastructure/persistence/in-memory/repositories/memory.repository.ts(40,9): error TS2416: Property 'delete' in type 'InMemoryMemoryRepository' is not assignable to the same property in base type 'IMemoryRepository'.
  Type '(id: MemoryItemId) => Promise<Result<void, Error>>' is not assignable to type '(id: MemoryItemId) => Promise<Result<void, DomainError>>'.
    Type 'Promise<Result<void, Error>>' is not assignable to type 'Promise<Result<void, DomainError>>'.
      Type 'Result<void, Error>' is not assignable to type 'Result<void, DomainError>'.
        Type 'Failure<Error>' is not assignable to type 'Result<void, DomainError>'.
          Type 'Failure<Error>' is not assignable to type 'Failure<DomainError>'.
            Type 'Error' is not assignable to type 'DomainError'.
              Types of property 'cause' are incompatible.
                Type 'unknown' is not assignable to type 'Error | undefined'.
src_refactored/infrastructure/persistence/in-memory/repositories/memory.repository.ts(41,25): error TS2345: Argument of type '() => string' is not assignable to parameter of type 'string'.
src_refactored/infrastructure/persistence/in-memory/repositories/memory.repository.ts(44,23): error TS2345: Argument of type '() => string' is not assignable to parameter of type 'string'.
src_refactored/infrastructure/persistence/in-memory/repositories/project.repository.ts(9,18): error TS2724: '"@/shared/result"' has no exported member named 'Ok'. Did you mean 'ok'?
src_refactored/infrastructure/persistence/in-memory/repositories/project.repository.ts(9,22): error TS2305: Module '"@/shared/result"' has no exported member 'Err'.
src_refactored/infrastructure/persistence/in-memory/repositories/project.repository.ts(15,9): error TS2416: Property 'save' in type 'InMemoryProjectRepository' is not assignable to the same property in base type 'IProjectRepository'.
  Type '(project: Project) => Promise<Result<Project, DomainError>>' is not assignable to type '(project: Project) => Promise<Result<void>>'.
    Type 'Promise<Result<Project, DomainError>>' is not assignable to type 'Promise<Result<void>>'.
      Type 'Result<Project, DomainError>' is not assignable to type 'Result<void>'.
        Type 'Success<Project>' is not assignable to type 'Result<void>'.
          Type 'Success<Project>' is not assignable to type 'Success<void>'.
            Type 'Project' is not assignable to type 'void'.
src_refactored/infrastructure/persistence/in-memory/repositories/project.repository.ts(16,34): error TS2339: Property 'value' does not exist on type '() => ProjectId'.
src_refactored/infrastructure/persistence/in-memory/repositories/project.repository.ts(21,39): error TS2345: Argument of type '() => string' is not assignable to parameter of type 'string'.
src_refactored/infrastructure/persistence/in-memory/repositories/project.repository.ts(27,24): error TS2339: Property 'value' does not exist on type '() => ProjectName'.
src_refactored/infrastructure/persistence/in-memory/repositories/project.repository.ts(41,28): error TS2345: Argument of type '() => string' is not assignable to parameter of type 'string'.
src_refactored/infrastructure/persistence/in-memory/repositories/project.repository.ts(42,18): error TS2554: Expected 2-3 arguments, but got 1.
src_refactored/infrastructure/persistence/in-memory/repositories/project.repository.ts(44,26): error TS2345: Argument of type '() => string' is not assignable to parameter of type 'string'.
src_refactored/infrastructure/persistence/in-memory/repositories/source-code.repository.ts(6,10): error TS2724: '"@/core/domain/source-code/value-objects/repository-id.vo"' has no exported member named 'RepositoryIdVO'. Did you mean 'RepositoryId'?
src_refactored/infrastructure/persistence/in-memory/repositories/source-code.repository.ts(8,18): error TS2724: '"@/shared/result"' has no exported member named 'Ok'. Did you mean 'ok'?
src_refactored/infrastructure/persistence/in-memory/repositories/source-code.repository.ts(8,22): error TS2305: Module '"@/shared/result"' has no exported member 'Err'.
src_refactored/infrastructure/persistence/in-memory/repositories/source-code.repository.ts(15,40): error TS2339: Property 'value' does not exist on type '() => RepositoryId'.
src_refactored/infrastructure/persistence/in-memory/repositories/source-code.repository.ts(24,9): error TS2416: Property 'findByProjectId' in type 'InMemorySourceCodeRepository' is not assignable to the same property in base type 'ISourceCodeRepository'.
  Type '(projectId: ProjectId) => Promise<Result<SourceCode[], Error>>' is not assignable to type '(projectId: ProjectId) => Promise<Result<SourceCode | null>>'.
    Type 'Promise<Result<SourceCode[], Error>>' is not assignable to type 'Promise<Result<SourceCode | null>>'.
      Type 'Result<SourceCode[], Error>' is not assignable to type 'Result<SourceCode | null>'.
        Type 'Success<SourceCode[]>' is not assignable to type 'Result<SourceCode | null>'.
          Type 'Success<SourceCode[]>' is not assignable to type 'Success<SourceCode | null>'.
            Type 'SourceCode[]' is missing the following properties from type 'SourceCode': _id, props, id, projectId, and 3 more.
src_refactored/infrastructure/persistence/in-memory/repositories/source-code.repository.ts(28,20): error TS2339: Property 'equals' does not exist on type '() => ProjectId'.
src_refactored/infrastructure/persistence/in-memory/repositories/user.repository.ts(11,18): error TS2724: '"@/shared/result"' has no exported member named 'Ok'. Did you mean 'ok'?
src_refactored/infrastructure/persistence/in-memory/repositories/user.repository.ts(11,22): error TS2305: Module '"@/shared/result"' has no exported member 'Err'.
src_refactored/infrastructure/persistence/in-memory/repositories/user.repository.ts(18,28): error TS2339: Property 'value' does not exist on type '() => UserId'.
src_refactored/infrastructure/persistence/in-memory/repositories/user.repository.ts(23,33): error TS2345: Argument of type '() => string' is not assignable to parameter of type 'string'.
src_refactored/infrastructure/persistence/in-memory/repositories/user.repository.ts(55,25): error TS2345: Argument of type '() => string' is not assignable to parameter of type 'string'.
src_refactored/infrastructure/persistence/in-memory/repositories/user.repository.ts(56,18): error TS2554: Expected 2-3 arguments, but got 1.
src_refactored/infrastructure/persistence/in-memory/repositories/user.repository.ts(58,23): error TS2345: Argument of type '() => string' is not assignable to parameter of type 'string'.
src_refactored/infrastructure/queue/drizzle/__tests__/queue.service-admin.spec.ts(111,28): error TS2554: Expected 4 arguments, but got 3.
src_refactored/infrastructure/queue/drizzle/__tests__/queue.service-admin.spec.ts(133,77): error TS2322: Type '() => string' is not assignable to type 'string'.
src_refactored/infrastructure/queue/drizzle/__tests__/queue.service-admin.spec.ts(136,28): error TS2554: Expected 4 arguments, but got 3.
src_refactored/infrastructure/queue/drizzle/__tests__/queue.service-admin.spec.ts(142,77): error TS2322: Type '() => string' is not assignable to type 'string'.
src_refactored/infrastructure/queue/drizzle/__tests__/queue.service-admin.spec.ts(145,28): error TS2554: Expected 4 arguments, but got 3.
src_refactored/infrastructure/queue/drizzle/__tests__/queue.service-admin.spec.ts(158,48): error TS2339: Property 'equals' does not exist on type '() => JobIdVO'.
src_refactored/infrastructure/queue/drizzle/__tests__/queue.service-admin.spec.ts(159,40): error TS2339: Property 'equals' does not exist on type '() => JobIdVO'.
src_refactored/infrastructure/queue/drizzle/__tests__/queue.service-admin.spec.ts(159,57): error TS2339: Property 'status' does not exist on type 'JobEntity<{ email: string; }, { status: string; }>'.
src_refactored/infrastructure/queue/drizzle/__tests__/queue.service-admin.spec.ts(161,48): error TS2339: Property 'equals' does not exist on type '() => JobIdVO'.
src_refactored/infrastructure/queue/drizzle/__tests__/queue.service-admin.spec.ts(162,40): error TS2339: Property 'equals' does not exist on type '() => JobIdVO'.
src_refactored/infrastructure/queue/drizzle/__tests__/queue.service-admin.spec.ts(162,57): error TS2339: Property 'status' does not exist on type 'JobEntity<{ email: string; }, { status: string; }>'.
src_refactored/infrastructure/queue/drizzle/__tests__/queue.service-get.spec.ts(103,48): error TS2345: Argument of type '() => string' is not assignable to parameter of type 'string | JobIdVO'.
src_refactored/infrastructure/queue/drizzle/__tests__/queue.service-maintenance.spec.ts(92,25): error TS7053: Element implicitly has an 'any' type because expression of type '"maintenanceTimer"' can't be used to index type 'DrizzleQueueFacade<{ email: string; }, { status: string; }>'.
  Property 'maintenanceTimer' does not exist on type 'DrizzleQueueFacade<{ email: string; }, { status: string; }>'.
src_refactored/infrastructure/queue/drizzle/__tests__/queue.service-maintenance.spec.ts(105,38): error TS2322: Type '() => string' is not assignable to type 'string'.
src_refactored/infrastructure/queue/drizzle/__tests__/queue.service-maintenance.spec.ts(108,10): error TS2445: Property 'props' is protected and only accessible within class 'AbstractEntity<IdType, PropsType>' and its subclasses.
src_refactored/infrastructure/queue/drizzle/__tests__/queue.service-maintenance.spec.ts(109,10): error TS2445: Property 'props' is protected and only accessible within class 'AbstractEntity<IdType, PropsType>' and its subclasses.
src_refactored/infrastructure/queue/drizzle/__tests__/queue.service-maintenance.spec.ts(110,10): error TS2445: Property 'props' is protected and only accessible within class 'AbstractEntity<IdType, PropsType>' and its subclasses.
src_refactored/infrastructure/queue/drizzle/__tests__/queue.service-maintenance.spec.ts(111,10): error TS2445: Property 'props' is protected and only accessible within class 'AbstractEntity<IdType, PropsType>' and its subclasses.
src_refactored/infrastructure/queue/drizzle/__tests__/queue.service-maintenance.spec.ts(112,10): error TS2445: Property 'props' is protected and only accessible within class 'AbstractEntity<IdType, PropsType>' and its subclasses.
src_refactored/infrastructure/queue/drizzle/__tests__/queue.service-maintenance.spec.ts(120,38): error TS2322: Type '() => string' is not assignable to type 'string'.
src_refactored/infrastructure/queue/drizzle/__tests__/queue.service-maintenance.spec.ts(122,10): error TS2445: Property 'props' is protected and only accessible within class 'AbstractEntity<IdType, PropsType>' and its subclasses.
src_refactored/infrastructure/queue/drizzle/__tests__/queue.service-maintenance.spec.ts(123,10): error TS2445: Property 'props' is protected and only accessible within class 'AbstractEntity<IdType, PropsType>' and its subclasses.
src_refactored/infrastructure/queue/drizzle/__tests__/queue.service-maintenance.spec.ts(124,10): error TS2445: Property 'props' is protected and only accessible within class 'AbstractEntity<IdType, PropsType>' and its subclasses.
src_refactored/infrastructure/queue/drizzle/__tests__/queue.service-maintenance.spec.ts(125,10): error TS2445: Property 'props' is protected and only accessible within class 'AbstractEntity<IdType, PropsType>' and its subclasses.
src_refactored/infrastructure/queue/drizzle/__tests__/queue.service-maintenance.spec.ts(126,10): error TS2445: Property 'props' is protected and only accessible within class 'AbstractEntity<IdType, PropsType>' and its subclasses.
src_refactored/infrastructure/queue/drizzle/__tests__/queue.service-maintenance.spec.ts(133,39): error TS7053: Element implicitly has an 'any' type because expression of type '"maintenanceIntervalMs"' can't be used to index type 'DrizzleQueueFacade<{ email: string; }, { status: string; }>'.
  Property 'maintenanceIntervalMs' does not exist on type 'DrizzleQueueFacade<{ email: string; }, { status: string; }>'.
src_refactored/infrastructure/queue/drizzle/__tests__/queue.service-maintenance.spec.ts(136,28): error TS2339: Property 'status' does not exist on type 'JobEntity<unknown, unknown>'.
src_refactored/infrastructure/queue/drizzle/__tests__/queue.service-maintenance.spec.ts(137,28): error TS2339: Property 'failedReason' does not exist on type 'JobEntity<unknown, unknown>'.
src_refactored/infrastructure/queue/drizzle/__tests__/queue.service-maintenance.spec.ts(140,28): error TS2339: Property 'status' does not exist on type 'JobEntity<unknown, unknown>'.
src_refactored/infrastructure/queue/drizzle/__tests__/queue.service-maintenance.spec.ts(141,28): error TS2339: Property 'stalledCount' does not exist on type 'JobEntity<unknown, unknown>'.
src_refactored/infrastructure/queue/drizzle/__tests__/queue.service-maintenance.spec.ts(142,28): error TS2339: Property 'workerId' does not exist on type 'JobEntity<unknown, unknown>'.
src_refactored/infrastructure/queue/drizzle/__tests__/queue.service-maintenance.spec.ts(146,39): error TS7053: Element implicitly has an 'any' type because expression of type '"maintenanceIntervalMs"' can't be used to index type 'DrizzleQueueFacade<{ email: string; }, { status: string; }>'.
  Property 'maintenanceIntervalMs' does not exist on type 'DrizzleQueueFacade<{ email: string; }, { status: string; }>'.
src_refactored/infrastructure/queue/drizzle/__tests__/queue.service-maintenance.spec.ts(164,85): error TS2322: Type '() => string' is not assignable to type 'string'.
src_refactored/infrastructure/queue/drizzle/__tests__/queue.service-maintenance.spec.ts(167,27): error TS2339: Property 'value' does not exist on type '() => JobIdVO'.
src_refactored/infrastructure/queue/drizzle/__tests__/queue.service-maintenance.spec.ts(170,24): error TS2554: Expected 4 arguments, but got 3.
src_refactored/infrastructure/queue/drizzle/__tests__/queue.service-maintenance.spec.ts(173,52): error TS2345: Argument of type '() => JobIdVO' is not assignable to parameter of type 'JobIdVO'.
src_refactored/infrastructure/queue/drizzle/__tests__/queue.service-maintenance.spec.ts(175,16): error TS2445: Property 'props' is protected and only accessible within class 'AbstractEntity<IdType, PropsType>' and its subclasses.
src_refactored/infrastructure/queue/drizzle/__tests__/queue.service-maintenance.spec.ts(181,56): error TS2345: Argument of type '() => JobIdVO' is not assignable to parameter of type 'JobIdVO'.
src_refactored/infrastructure/queue/drizzle/__tests__/queue.service-updates.spec.ts(95,16): error TS2322: Type '() => string' is not assignable to type 'string'.
src_refactored/infrastructure/queue/drizzle/__tests__/queue.service-updates.spec.ts(98,36): error TS2339: Property 'value' does not exist on type '() => JobIdVO'.
src_refactored/infrastructure/queue/drizzle/__tests__/queue.service-updates.spec.ts(105,23): error TS2339: Property 'progress' does not exist on type 'JobEntity<unknown, unknown>'.
src_refactored/infrastructure/queue/drizzle/__tests__/queue.service-updates.spec.ts(115,23): error TS2339: Property 'progress' does not exist on type 'JobEntity<unknown, unknown>'.
src_refactored/infrastructure/queue/drizzle/__tests__/queue.service-updates.spec.ts(137,23): error TS2339: Property 'progress' does not exist on type 'JobEntity<unknown, unknown>'.
src_refactored/infrastructure/queue/drizzle/__tests__/queue.service-updates.spec.ts(150,16): error TS2322: Type '() => string' is not assignable to type 'string'.
src_refactored/infrastructure/queue/drizzle/__tests__/queue.service-updates.spec.ts(153,36): error TS2339: Property 'value' does not exist on type '() => JobIdVO'.
src_refactored/infrastructure/queue/drizzle/__tests__/queue.service-updates.spec.ts(163,23): error TS2339: Property 'logs' does not exist on type 'JobEntity<unknown, unknown>'.
src_refactored/infrastructure/queue/drizzle/__tests__/queue.service-updates.spec.ts(164,23): error TS2339: Property 'logs' does not exist on type 'JobEntity<unknown, unknown>'.
src_refactored/infrastructure/queue/drizzle/__tests__/queue.service-updates.spec.ts(165,23): error TS2339: Property 'logs' does not exist on type 'JobEntity<unknown, unknown>'.
src_refactored/infrastructure/queue/drizzle/__tests__/queue.service-updates.spec.ts(166,23): error TS2339: Property 'logs' does not exist on type 'JobEntity<unknown, unknown>'.
src_refactored/infrastructure/queue/drizzle/__tests__/queue.service-updates.spec.ts(183,23): error TS2339: Property 'logs' does not exist on type 'JobEntity<unknown, unknown>'.
src_refactored/infrastructure/queue/drizzle/__tests__/queue.service.extendJobLock.spec.ts(49,18): error TS2554: Expected 6 arguments, but got 3.
src_refactored/infrastructure/queue/drizzle/__tests__/queue.service.extendJobLock.spec.ts(67,46): error TS2322: Type '() => string' is not assignable to type 'string'.
src_refactored/infrastructure/queue/drizzle/__tests__/queue.service.extendJobLock.spec.ts(101,38): error TS2345: Argument of type '() => string' is not assignable to parameter of type 'string | JobIdVO'.
src_refactored/infrastructure/queue/drizzle/__tests__/queue.service.extendJobLock.spec.ts(133,24): error TS2554: Expected 4 arguments, but got 3.
src_refactored/infrastructure/queue/drizzle/__tests__/queue.service.fetchNextJobAndLock.spec.ts(52,18): error TS2554: Expected 6 arguments, but got 3.
src_refactored/infrastructure/queue/drizzle/__tests__/queue.service.fetchNextJobAndLock.spec.ts(56,1): error TS2304: Cannot find name 'afterEach'.
src_refactored/infrastructure/queue/drizzle/__tests__/queue.service.markJobAsCompleted.spec.ts(50,18): error TS2554: Expected 6 arguments, but got 3.
src_refactored/infrastructure/queue/drizzle/__tests__/queue.service.markJobAsCompleted.spec.ts(75,16): error TS2322: Type '() => string' is not assignable to type 'string'.
src_refactored/infrastructure/queue/drizzle/__tests__/queue.service.markJobAsCompleted.spec.ts(98,7): error TS2345: Argument of type 'JobEntity<unknown, unknown>' is not assignable to parameter of type 'JobEntity<{ email: string; }, { status: string; }>'.
  Type 'unknown' is not assignable to type '{ email: string; }'.
src_refactored/infrastructure/queue/drizzle/__tests__/queue.service.markJobAsCompleted.spec.ts(123,24): error TS2554: Expected 4 arguments, but got 3.
src_refactored/infrastructure/queue/drizzle/__tests__/queue.service.markJobAsCompleted.spec.ts(135,24): error TS2554: Expected 4 arguments, but got 3.
src_refactored/infrastructure/queue/drizzle/__tests__/queue.service.markJobAsCompleted.spec.ts(147,24): error TS2554: Expected 4 arguments, but got 3.
src_refactored/infrastructure/queue/drizzle/__tests__/queue.service.markJobAsFailed.spec.ts(49,18): error TS2554: Expected 6 arguments, but got 3.
src_refactored/infrastructure/queue/drizzle/__tests__/queue.service.markJobAsFailed.spec.ts(75,16): error TS2322: Type '() => string' is not assignable to type 'string'.
src_refactored/infrastructure/queue/drizzle/__tests__/queue.service.markJobAsFailed.spec.ts(92,16): error TS2322: Type '() => string' is not assignable to type 'string'.
src_refactored/infrastructure/queue/drizzle/__tests__/queue.service.markJobAsFailed.spec.ts(106,24): error TS2554: Expected 4 arguments, but got 3.
src_refactored/infrastructure/queue/drizzle/__tests__/queue.service.markJobAsFailed.spec.ts(128,24): error TS2554: Expected 4 arguments, but got 3.
src_refactored/infrastructure/queue/drizzle/__tests__/queue.service.markJobAsFailed.spec.ts(151,24): error TS2554: Expected 4 arguments, but got 3.
src_refactored/infrastructure/queue/drizzle/__tests__/test-db.helper.ts(47,42): error TS2339: Property '_' does not exist on type '{}'.
src_refactored/infrastructure/queue/drizzle/__tests__/test-db.helper.ts(47,60): error TS2339: Property '_' does not exist on type '{}'.
src_refactored/infrastructure/queue/drizzle/__tests__/test-db.helper.ts(49,30): error TS18046: 'table' is of type 'unknown'.
src_refactored/infrastructure/queue/drizzle/__tests__/test-db.helper.ts(56,9): error TS2339: Property 'session' does not exist on type 'TestDb'.
src_refactored/infrastructure/queue/drizzle/__tests__/test-db.helper.ts(59,11): error TS2339: Property 'session' does not exist on type 'TestDb'.
src_refactored/infrastructure/queue/drizzle/__tests__/test-db.helper.ts(63,13): error TS2339: Property 'session' does not exist on type 'TestDb'.
src_refactored/infrastructure/queue/drizzle/__tests__/test-db.helper.ts(71,9): error TS2339: Property 'session' does not exist on type 'TestDb'.
src_refactored/infrastructure/queue/drizzle/drizzle-queue.facade.ts(20,22): error TS1016: A required parameter cannot follow an optional parameter.
src_refactored/infrastructure/queue/drizzle/job-processing.service.ts(105,51): error TS2339: Property 'delay' does not exist on type 'IJobBackoffOptions | JobBackoffStrategyFn'.
  Property 'delay' does not exist on type 'JobBackoffStrategyFn'.
src_refactored/infrastructure/queue/drizzle/job-processing.service.ts(107,37): error TS2339: Property 'type' does not exist on type 'IJobBackoffOptions | JobBackoffStrategyFn'.
  Property 'type' does not exist on type 'JobBackoffStrategyFn'.
src_refactored/infrastructure/queue/drizzle/job-processing.service.ts(111,52): error TS2339: Property 'maxDelay' does not exist on type 'IJobBackoffOptions | JobBackoffStrategyFn'.
  Property 'maxDelay' does not exist on type 'IJobBackoffOptions'.
src_refactored/infrastructure/services/tool-registry/tool-registry.service.ts(6,28): error TS5097: An import path can only end with a '.ts' extension when 'allowImportingTsExtensions' is enabled.
src_refactored/infrastructure/services/tool-registry/tool-registry.service.ts(20,3): error TS2416: Property 'registerTool' in type 'ToolRegistryService' is not assignable to the same property in base type 'IToolRegistryService'.
  Type '(tool: IAgentTool<ZodAny, unknown>) => void' is not assignable to type '(tool: IAgentTool<ZodTypeAny, unknown>) => Promise<Result<void, ApplicationError>>'.
    Type 'void' is not assignable to type 'Promise<Result<void, ApplicationError>>'.
src_refactored/infrastructure/services/tool-registry/tool-registry.service.ts(30,3): error TS2416: Property 'getTool' in type 'ToolRegistryService' is not assignable to the same property in base type 'IToolRegistryService'.
  Type '(toolName: string) => IAgentTool<ZodAny, unknown> | undefined' is not assignable to type '(toolName: string) => Promise<Result<IAgentTool<ZodTypeAny, unknown>, ApplicationError | ToolNotFoundError>>'.
    Type 'IAgentTool<ZodAny, unknown> | undefined' is not assignable to type 'Promise<Result<IAgentTool<ZodTypeAny, unknown>, ApplicationError | ToolNotFoundError>>'.
      Type 'undefined' is not assignable to type 'Promise<Result<IAgentTool<ZodTypeAny, unknown>, ApplicationError | ToolNotFoundError>>'.
src_refactored/infrastructure/services/tool-registry/tool-registry.service.ts(34,3): error TS2416: Property 'listTools' in type 'ToolRegistryService' is not assignable to the same property in base type 'IToolRegistryService'.
  Type '() => IAgentTool<ZodAny, unknown>[]' is not assignable to type '() => Promise<Result<IAgentTool<ZodTypeAny, unknown>[], ApplicationError>>'.
    Type 'IAgentTool<ZodAny, unknown>[]' is missing the following properties from type 'Promise<Result<IAgentTool<ZodTypeAny, unknown>[], ApplicationError>>': then, catch, finally, [Symbol.toStringTag]
src_refactored/infrastructure/tools/file-system.tool.ts(13,18): error TS2724: '"@/shared/result"' has no exported member named 'Ok'. Did you mean 'ok'?
src_refactored/infrastructure/tools/file-system.tool.ts(13,22): error TS2305: Module '"@/shared/result"' has no exported member 'Err'.
src_refactored/infrastructure/tools/file-system.tool.ts(39,19): error TS2416: Property 'parameters' in type 'FileSystemTool' is not assignable to the same property in base type 'IAgentTool<ZodAny, unknown>'.
  Property '_any' is missing in type 'ZodObject<{ action: ZodEnum<["readFile", "writeFile", "listFiles"]>; filePath: ZodOptional<ZodString>; directoryPath: ZodOptional<ZodString>; content: ZodOptional<...>; }, "strip", ZodTypeAny, { ...; }, { ...; }>' but required in type 'ZodAny'.
src_refactored/presentation/electron/main/handlers/agent-instance.handlers.ts(4,3): error TS2305: Module '"../../../../shared/ipc-channels"' has no exported member 'GET_AGENT_INSTANCES_CHANNEL'.
src_refactored/presentation/electron/main/handlers/agent-instance.handlers.ts(5,3): error TS2305: Module '"../../../../shared/ipc-channels"' has no exported member 'GET_AGENT_INSTANCE_DETAILS_CHANNEL'.
src_refactored/presentation/electron/main/handlers/agent-instance.handlers.ts(6,3): error TS2305: Module '"../../../../shared/ipc-channels"' has no exported member 'CREATE_AGENT_INSTANCE_CHANNEL'.
src_refactored/presentation/electron/main/handlers/agent-instance.handlers.ts(7,3): error TS2305: Module '"../../../../shared/ipc-channels"' has no exported member 'UPDATE_AGENT_INSTANCE_CHANNEL'.
src_refactored/presentation/electron/main/handlers/agent-instance.handlers.ts(8,3): error TS2305: Module '"../../../../shared/ipc-channels"' has no exported member 'GET_AGENT_INSTANCES_BY_PROJECT_CHANNEL'.
src_refactored/presentation/electron/main/handlers/agent-instance.handlers.ts(11,3): error TS2724: '"../../../../shared/ipc-types"' has no exported member named 'GetAgentInstancesResponse'. Did you mean 'GetAgentInstancesListResponseData'?
src_refactored/presentation/electron/main/handlers/agent-instance.handlers.ts(13,3): error TS2724: '"../../../../shared/ipc-types"' has no exported member named 'GetAgentInstanceDetailsResponse'. Did you mean 'GetAgentInstanceDetailsResponseData'?
src_refactored/presentation/electron/main/handlers/agent-instance.handlers.ts(15,3): error TS2724: '"../../../../shared/ipc-types"' has no exported member named 'CreateAgentInstanceResponse'. Did you mean 'CreateAgentInstanceResponseData'?
src_refactored/presentation/electron/main/handlers/agent-instance.handlers.ts(17,3): error TS2724: '"../../../../shared/ipc-types"' has no exported member named 'UpdateAgentInstanceResponse'. Did you mean 'UpdateAgentInstanceResponseData'?
src_refactored/presentation/electron/main/handlers/agent-instance.handlers.ts(18,3): error TS2724: '"../../../../shared/ipc-types"' has no exported member named 'GetAgentInstancesByProjectRequest'. Did you mean 'GetAgentInstancesListRequest'?
src_refactored/presentation/electron/main/handlers/agent-instance.handlers.ts(19,3): error TS2305: Module '"../../../../shared/ipc-types"' has no exported member 'GetAgentInstancesByProjectResponse'.
src_refactored/presentation/electron/main/handlers/agent-instance.handlers.ts(22,10): error TS2305: Module '"../../../../shared/types/entities"' has no exported member 'AgentLLM'.
src_refactored/presentation/electron/main/handlers/agent-instance.handlers.ts(42,20): error TS2339: Property 'projectId' does not exist on type 'AgentInstance'.
src_refactored/presentation/electron/main/handlers/agent-instance.handlers.ts(56,31): error TS2339: Property 'instanceId' does not exist on type 'GetAgentInstanceDetailsRequest'.
src_refactored/presentation/electron/main/handlers/agent-instance.handlers.ts(76,9): error TS2353: Object literal may only specify known properties, and 'name' does not exist in type 'AgentInstance'.
src_refactored/presentation/electron/main/handlers/agent-instance.handlers.ts(76,19): error TS2339: Property 'name' does not exist on type 'AgentInstanceFormData'.
src_refactored/presentation/electron/main/handlers/agent-instance.handlers.ts(78,24): error TS2339: Property 'projectId' does not exist on type 'AgentInstanceFormData'.
src_refactored/presentation/electron/main/handlers/agent-instance.handlers.ts(79,24): error TS2339: Property 'llmConfig' does not exist on type 'AgentInstanceFormData'.
src_refactored/presentation/electron/main/handlers/agent-instance.handlers.ts(84,20): error TS2339: Property 'tools' does not exist on type 'AgentInstanceFormData'.
src_refactored/presentation/electron/main/handlers/agent-instance.handlers.ts(103,31): error TS2339: Property 'instanceId' does not exist on type 'UpdateAgentInstanceRequest'.
src_refactored/presentation/electron/main/handlers/agent-instance.handlers.ts(109,18): error TS2339: Property 'updates' does not exist on type 'UpdateAgentInstanceRequest'.
src_refactored/presentation/electron/main/handlers/agent-instance.handlers.ts(110,19): error TS2339: Property 'updates' does not exist on type 'UpdateAgentInstanceRequest'.
src_refactored/presentation/electron/main/handlers/agent-instance.handlers.ts(110,56): error TS2339: Property 'llmConfig' does not exist on type 'AgentInstance'.
src_refactored/presentation/electron/main/handlers/agent-instance.handlers.ts(113,38): error TS2339: Property 'llmConfig' does not exist on type 'AgentInstance'.
src_refactored/presentation/electron/main/handlers/agent-instance.handlers.ts(114,26): error TS2339: Property 'updates' does not exist on type 'UpdateAgentInstanceRequest'.
src_refactored/presentation/electron/main/handlers/agent-instance.handlers.ts(117,31): error TS2339: Property 'llmConfig' does not exist on type 'AgentInstance'.
src_refactored/presentation/electron/main/handlers/dm.handlers.ts(4,3): error TS2305: Module '"../../../../shared/ipc-channels"' has no exported member 'GET_DMS_CHANNEL'.
src_refactored/presentation/electron/main/handlers/dm.handlers.ts(5,3): error TS2305: Module '"../../../../shared/ipc-channels"' has no exported member 'GET_DM_DETAILS_CHANNEL'.
src_refactored/presentation/electron/main/handlers/dm.handlers.ts(6,3): error TS2305: Module '"../../../../shared/ipc-channels"' has no exported member 'SEND_DM_MESSAGE_CHANNEL'.
src_refactored/presentation/electron/main/handlers/dm.handlers.ts(7,3): error TS2305: Module '"../../../../shared/ipc-channels"' has no exported member 'DM_MESSAGE_RECEIVED_CHANNEL'.
src_refactored/presentation/electron/main/handlers/dm.handlers.ts(10,3): error TS2305: Module '"../../../../shared/ipc-types"' has no exported member 'GetDMsResponse'.
src_refactored/presentation/electron/main/handlers/dm.handlers.ts(11,3): error TS2305: Module '"../../../../shared/ipc-types"' has no exported member 'GetDMDetailsRequest'.
src_refactored/presentation/electron/main/handlers/dm.handlers.ts(12,3): error TS2305: Module '"../../../../shared/ipc-types"' has no exported member 'GetDMDetailsResponse'.
src_refactored/presentation/electron/main/handlers/dm.handlers.ts(14,3): error TS2724: '"../../../../shared/ipc-types"' has no exported member named 'SendDMMessageResponse'. Did you mean 'SendDMMessageResponseData'?
src_refactored/presentation/electron/main/handlers/dm.handlers.ts(15,3): error TS2724: '"../../../../shared/ipc-types"' has no exported member named 'DMMessageReceivedPayload'. Did you mean 'DMMessageReceivedEventPayload'?
src_refactored/presentation/electron/main/handlers/dm.handlers.ts(17,10): error TS2305: Module '"../../../../shared/types/entities"' has no exported member 'Message'.
src_refactored/presentation/electron/main/handlers/dm.handlers.ts(71,11): error TS2339: Property 'dmId' does not exist on type 'SendDMMessageRequest'.
src_refactored/presentation/electron/main/handlers/dm.handlers.ts(71,26): error TS2339: Property 'senderId' does not exist on type 'SendDMMessageRequest'.
src_refactored/presentation/electron/main/handlers/llm-config.handlers.ts(4,3): error TS2305: Module '"../../../../shared/ipc-channels"' has no exported member 'GET_AVAILABLE_LLMS_CHANNEL'.
src_refactored/presentation/electron/main/handlers/llm-config.handlers.ts(5,3): error TS2305: Module '"../../../../shared/ipc-channels"' has no exported member 'GET_USER_LLM_CONFIGS_CHANNEL'.
src_refactored/presentation/electron/main/handlers/llm-config.handlers.ts(6,3): error TS2305: Module '"../../../../shared/ipc-channels"' has no exported member 'UPDATE_USER_LLM_CONFIG_CHANNEL'.
src_refactored/presentation/electron/main/handlers/llm-config.handlers.ts(9,3): error TS2305: Module '"../../../../shared/ipc-types"' has no exported member 'GetAvailableLLMsResponse'.
src_refactored/presentation/electron/main/handlers/llm-config.handlers.ts(10,3): error TS2305: Module '"../../../../shared/ipc-types"' has no exported member 'GetUserLLMConfigsResponse'.
src_refactored/presentation/electron/main/handlers/llm-config.handlers.ts(11,3): error TS2724: '"../../../../shared/ipc-types"' has no exported member named 'UpdateUserLLMConfigRequest'. Did you mean 'UpdateLLMConfigRequest'?
src_refactored/presentation/electron/main/handlers/llm-config.handlers.ts(12,3): error TS2724: '"../../../../shared/ipc-types"' has no exported member named 'UpdateUserLLMConfigResponse'. Did you mean 'UpdateLLMConfigResponseData'?
src_refactored/presentation/electron/main/handlers/llm-config.handlers.ts(14,10): error TS2305: Module '"../../../../shared/types/entities"' has no exported member 'AgentLLM'.
src_refactored/presentation/electron/main/handlers/llm-config.handlers.ts(34,7): error TS18046: 'acc' is of type 'unknown'.
src_refactored/presentation/electron/main/handlers/persona-template.handlers.ts(4,3): error TS2305: Module '"../../../../shared/ipc-channels"' has no exported member 'GET_PERSONA_TEMPLATES_CHANNEL'.
src_refactored/presentation/electron/main/handlers/persona-template.handlers.ts(5,3): error TS2305: Module '"../../../../shared/ipc-channels"' has no exported member 'GET_PERSONA_TEMPLATE_DETAILS_CHANNEL'.
src_refactored/presentation/electron/main/handlers/persona-template.handlers.ts(6,3): error TS2305: Module '"../../../../shared/ipc-channels"' has no exported member 'CREATE_PERSONA_TEMPLATE_CHANNEL'.
src_refactored/presentation/electron/main/handlers/persona-template.handlers.ts(7,3): error TS2305: Module '"../../../../shared/ipc-channels"' has no exported member 'UPDATE_PERSONA_TEMPLATE_CHANNEL'.
src_refactored/presentation/electron/main/handlers/persona-template.handlers.ts(10,3): error TS2724: '"../../../../shared/ipc-types"' has no exported member named 'GetPersonaTemplatesResponse'. Did you mean 'GetPersonaTemplatesListResponseData'?
src_refactored/presentation/electron/main/handlers/persona-template.handlers.ts(12,3): error TS2724: '"../../../../shared/ipc-types"' has no exported member named 'GetPersonaTemplateDetailsResponse'. Did you mean 'GetPersonaTemplateDetailsResponseData'?
src_refactored/presentation/electron/main/handlers/persona-template.handlers.ts(14,3): error TS2724: '"../../../../shared/ipc-types"' has no exported member named 'CreatePersonaTemplateResponse'. Did you mean 'CreatePersonaTemplateResponseData'?
src_refactored/presentation/electron/main/handlers/persona-template.handlers.ts(16,3): error TS2724: '"../../../../shared/ipc-types"' has no exported member named 'UpdatePersonaTemplateResponse'. Did you mean 'UpdatePersonaTemplateResponseData'?
src_refactored/presentation/electron/main/handlers/persona-template.handlers.ts(42,7): error TS2353: Object literal may only specify known properties, and 'description' does not exist in type 'PersonaTemplate'.
src_refactored/presentation/electron/main/handlers/persona-template.handlers.ts(42,24): error TS2339: Property 'description' does not exist on type 'PersonaTemplateFormData'.
src_refactored/presentation/electron/main/handlers/persona-template.handlers.ts(43,25): error TS2339: Property 'systemPrompt' does not exist on type 'PersonaTemplateFormData'.
src_refactored/presentation/electron/main/handlers/persona-template.handlers.ts(44,26): error TS2339: Property 'visionEnabled' does not exist on type 'PersonaTemplateFormData'.
src_refactored/presentation/electron/main/handlers/persona-template.handlers.ts(45,33): error TS2339: Property 'exampleConversations' does not exist on type 'PersonaTemplateFormData'.
src_refactored/presentation/electron/main/handlers/persona-template.handlers.ts(58,80): error TS2339: Property 'updates' does not exist on type 'UpdatePersonaTemplateRequest'.
src_refactored/presentation/electron/main/handlers/project.handlers.ts(4,3): error TS2305: Module '"../../../../shared/ipc-channels"' has no exported member 'GET_PROJECTS_CHANNEL'.
src_refactored/presentation/electron/main/handlers/project.handlers.ts(5,3): error TS2305: Module '"../../../../shared/ipc-channels"' has no exported member 'GET_PROJECT_DETAILS_CHANNEL'.
src_refactored/presentation/electron/main/handlers/project.handlers.ts(6,3): error TS2305: Module '"../../../../shared/ipc-channels"' has no exported member 'CREATE_PROJECT_CHANNEL'.
src_refactored/presentation/electron/main/handlers/project.handlers.ts(7,3): error TS2305: Module '"../../../../shared/ipc-channels"' has no exported member 'UPDATE_PROJECT_CHANNEL'.
src_refactored/presentation/electron/main/handlers/project.handlers.ts(12,3): error TS2724: '"../../../../shared/ipc-types"' has no exported member named 'GetProjectDetailsResponse'. Did you mean 'GetProjectDetailsResponseData'?
src_refactored/presentation/electron/main/handlers/project.handlers.ts(13,3): error TS2305: Module '"../../../../shared/ipc-types"' has no exported member 'GetProjectsResponse'.
src_refactored/presentation/electron/main/handlers/project.handlers.ts(15,3): error TS2724: '"../../../../shared/ipc-types"' has no exported member named 'CreateProjectResponse'. Did you mean 'CreateProjectResponseData'?
src_refactored/presentation/electron/main/handlers/project.handlers.ts(17,3): error TS2724: '"../../../../shared/ipc-types"' has no exported member named 'UpdateProjectResponse'. Did you mean 'UpdateProjectResponseData'?
src_refactored/presentation/electron/main/handlers/project.handlers.ts(20,10): error TS2305: Module '"../../../../shared/types/entities"' has no exported member 'AgentLLM'.
src_refactored/presentation/electron/main/handlers/project.handlers.ts(22,3): error TS2724: '"../mocks/project.mocks"' has no exported member named 'mockProjects'. Did you mean 'mockProjectsDb'?
src_refactored/presentation/electron/main/handlers/project.handlers.ts(23,3): error TS2305: Module '"../mocks/project.mocks"' has no exported member 'addMockProject'.
src_refactored/presentation/electron/main/handlers/project.handlers.ts(24,3): error TS2305: Module '"../mocks/project.mocks"' has no exported member 'updateMockProject'.
src_refactored/presentation/electron/main/handlers/project.handlers.ts(44,10): error TS7006: Parameter 'project' implicitly has an 'any' type.
src_refactored/presentation/electron/main/handlers/project.handlers.ts(65,9): error TS2322: Type 'string | undefined' is not assignable to type 'string'.
  Type 'undefined' is not assignable to type 'string'.
src_refactored/presentation/electron/main/handlers/project.handlers.ts(66,26): error TS2339: Property 'platformUrl' does not exist on type 'ProjectFormData'.
src_refactored/presentation/electron/main/handlers/project.handlers.ts(73,28): error TS2339: Property 'repositoryUrl' does not exist on type 'ProjectFormData'.
src_refactored/presentation/electron/main/handlers/project.handlers.ts(74,19): error TS2339: Property 'tags' does not exist on type 'ProjectFormData'.
src_refactored/presentation/electron/main/handlers/project.handlers.ts(75,24): error TS2339: Property 'llmConfig' does not exist on type 'ProjectFormData'.
src_refactored/presentation/electron/main/handlers/project.handlers.ts(94,67): error TS2339: Property 'updates' does not exist on type 'UpdateProjectRequest'.
src_refactored/presentation/electron/main/handlers/user.handlers.ts(4,3): error TS2305: Module '"../../../../shared/ipc-channels"' has no exported member 'GET_USER_PROFILE_CHANNEL'.
src_refactored/presentation/electron/main/handlers/user.handlers.ts(5,3): error TS2305: Module '"../../../../shared/ipc-channels"' has no exported member 'UPDATE_USER_PROFILE_CHANNEL'.
src_refactored/presentation/electron/main/handlers/user.handlers.ts(8,3): error TS2724: '"../../../../shared/ipc-types"' has no exported member named 'GetUserProfileResponse'. Did you mean 'GetUserProfileResponseData'?
src_refactored/presentation/electron/main/handlers/user.handlers.ts(10,3): error TS2724: '"../../../../shared/ipc-types"' has no exported member named 'UpdateUserProfileResponse'. Did you mean 'UpdateUserProfileResponseData'?
src_refactored/presentation/electron/main/handlers/user.handlers.ts(22,54): error TS2339: Property 'updates' does not exist on type 'UserProfileFormData'.
src_refactored/presentation/electron/main/ipc-chat.handlers.ts(10,10): error TS2724: '"@/shared/ipc-channels"' has no exported member named 'IPCChannel'. Did you mean 'IPC_CHANNELS'?
src_refactored/presentation/electron/main/ipc-chat.handlers.ts(38,89): error TS2339: Property 'sessionId' does not exist on type 'ChatSendMessagePayload'.
src_refactored/presentation/electron/main/ipc-chat.handlers.ts(78,14): error TS2551: Property 'isSuccess' does not exist on type 'Result<IChatServiceSendMessageResponse, Error>'. Did you mean 'success'?
  Property 'isSuccess' does not exist on type 'Success<IChatServiceSendMessageResponse>'.
src_refactored/presentation/electron/main/ipc-chat.handlers.ts(79,42): error TS2339: Property 'value' does not exist on type 'Result<IChatServiceSendMessageResponse, Error>'.
  Property 'value' does not exist on type 'Failure<Error>'.
src_refactored/presentation/electron/main/ipc-chat.handlers.ts(83,30): error TS2339: Property 'error' does not exist on type 'Result<IChatServiceSendMessageResponse, Error>'.
  Property 'error' does not exist on type 'Success<IChatServiceSendMessageResponse>'.
src_refactored/presentation/electron/main/ipc-chat.handlers.ts(83,58): error TS2339: Property 'error' does not exist on type 'Result<IChatServiceSendMessageResponse, Error>'.
  Property 'error' does not exist on type 'Success<IChatServiceSendMessageResponse>'.
src_refactored/presentation/electron/main/ipc-project.handlers.ts(4,10): error TS2305: Module '"@/core/domain/project/project.entity"' has no exported member 'ProjectEntity'.
src_refactored/presentation/electron/main/ipc-project.handlers.ts(8,10): error TS2724: '"@/shared/ipc-channels"' has no exported member named 'IPCChannel'. Did you mean 'IPC_CHANNELS'?
src_refactored/presentation/electron/main/ipc-project.handlers.ts(57,54): error TS2554: Expected 1 arguments, but got 0.
src_refactored/presentation/electron/main/ipc-project.handlers.ts(59,16): error TS2551: Property 'isSuccess' does not exist on type 'Result<{ id: string; name: string; createdAt: string; }[], DomainError>'. Did you mean 'success'?
  Property 'isSuccess' does not exist on type 'Failure<DomainError>'.
src_refactored/presentation/electron/main/ipc-project.handlers.ts(60,31): error TS2339: Property 'value' does not exist on type 'Result<{ id: string; name: string; createdAt: string; }[], DomainError>'.
  Property 'value' does not exist on type 'Failure<DomainError>'.
src_refactored/presentation/electron/main/ipc-project.handlers.ts(69,14): error TS2339: Property 'error' does not exist on type 'Result<{ id: string; name: string; createdAt: string; }[], DomainError>'.
  Property 'error' does not exist on type 'Success<{ id: string; name: string; createdAt: string; }[]>'.
src_refactored/presentation/electron/main/ipc-project.handlers.ts(73,32): error TS2339: Property 'error' does not exist on type 'Result<{ id: string; name: string; createdAt: string; }[], DomainError>'.
  Property 'error' does not exist on type 'Success<{ id: string; name: string; createdAt: string; }[]>'.
src_refactored/presentation/electron/main/ipc-project.handlers.ts(73,60): error TS2339: Property 'error' does not exist on type 'Result<{ id: string; name: string; createdAt: string; }[], DomainError>'.
  Property 'error' does not exist on type 'Success<{ id: string; name: string; createdAt: string; }[]>'.
src_refactored/presentation/electron/main/main.ts(58,3): error TS2554: Expected 1 arguments, but got 0.
src_refactored/presentation/electron/main/main.ts(59,3): error TS2554: Expected 1 arguments, but got 0.
src_refactored/presentation/electron/main/mocks/agent-instance.mocks.ts(1,25): error TS2305: Module '"../../../../shared/types/entities"' has no exported member 'AgentLLM'.
src_refactored/presentation/electron/main/mocks/agent-instance.mocks.ts(6,5): error TS2353: Object literal may only specify known properties, and 'name' does not exist in type 'AgentInstance'.
src_refactored/presentation/electron/main/mocks/agent-instance.mocks.ts(25,5): error TS2353: Object literal may only specify known properties, and 'name' does not exist in type 'AgentInstance'.
src_refactored/presentation/electron/main/mocks/agent-instance.mocks.ts(44,5): error TS2353: Object literal may only specify known properties, and 'name' does not exist in type 'AgentInstance'.
src_refactored/presentation/electron/main/mocks/dm.mocks.ts(1,10): error TS2724: '"../../../../shared/types/entities"' has no exported member named 'DirectMessage'. Did you mean 'DirectMessageItem'?
src_refactored/presentation/electron/main/mocks/dm.mocks.ts(1,25): error TS2305: Module '"../../../../shared/types/entities"' has no exported member 'Message'.
src_refactored/presentation/electron/main/mocks/llm-config.mocks.ts(3,3): error TS2305: Module '"../../../../shared/types/entities"' has no exported member 'AgentLLM'.
src_refactored/presentation/electron/main/mocks/llm-config.mocks.ts(4,3): error TS2305: Module '"../../../../shared/types/entities"' has no exported member 'LLMSettings'.
src_refactored/presentation/electron/main/mocks/llm-config.mocks.ts(74,5): error TS2322: Type '{ [AgentLLM.OPENAI_GPT_4_TURBO]: { apiKey: string; temperature: number; }; [AgentLLM.ANTHROPIC_CLAUDE_3_OPUS]: { apiKey: string; temperature: number; }; }' is not assignable to type 'Record<AgentLLM, Partial<LLMConfig> & { apiKey?: string | undefined; }>'.
  'number' and 'string' index signatures are incompatible.
    Object literal may only specify known properties, and 'temperature' does not exist in type 'Partial<LLMConfig> & { apiKey?: string | undefined; }'.
src_refactored/presentation/electron/main/mocks/llm-config.mocks.ts(98,5): error TS2353: Object literal may only specify known properties, and 'llm' does not exist in type 'LLMConfig'.
src_refactored/presentation/electron/main/mocks/llm-config.mocks.ts(99,29): error TS2339: Property 'temperature' does not exist on type 'Partial<LLMConfig> & { apiKey?: string | undefined; }'.
src_refactored/presentation/electron/main/mocks/llm-config.mocks.ts(100,27): error TS2339: Property 'maxTokens' does not exist on type 'Partial<LLMConfig> & { apiKey?: string | undefined; }'.
src_refactored/presentation/electron/main/mocks/llm-config.mocks.ts(101,22): error TS2339: Property 'topP' does not exist on type 'Partial<LLMConfig> & { apiKey?: string | undefined; }'.
src_refactored/presentation/electron/main/mocks/llm-config.mocks.ts(102,22): error TS2339: Property 'topK' does not exist on type 'Partial<LLMConfig> & { apiKey?: string | undefined; }'.
src_refactored/presentation/electron/main/mocks/llm-config.mocks.ts(103,34): error TS2339: Property 'frequencyPenalty' does not exist on type 'Partial<LLMConfig> & { apiKey?: string | undefined; }'.
src_refactored/presentation/electron/main/mocks/llm-config.mocks.ts(104,33): error TS2339: Property 'presencePenalty' does not exist on type 'Partial<LLMConfig> & { apiKey?: string | undefined; }'.
src_refactored/presentation/electron/main/mocks/llm-config.mocks.ts(105,31): error TS2339: Property 'stopSequences' does not exist on type 'Partial<LLMConfig> & { apiKey?: string | undefined; }'.
src_refactored/presentation/electron/main/mocks/persona-template.mocks.ts(7,5): error TS2353: Object literal may only specify known properties, and 'description' does not exist in type 'PersonaTemplate'.
src_refactored/presentation/electron/main/mocks/persona-template.mocks.ts(29,5): error TS2353: Object literal may only specify known properties, and 'description' does not exist in type 'PersonaTemplate'.
src_refactored/presentation/electron/main/mocks/user.mocks.ts(5,3): error TS2353: Object literal may only specify known properties, and 'username' does not exist in type 'UserProfile'.
src_refactored/presentation/electron/main/mocks/user.mocks.ts(19,5): error TS2353: Object literal may only specify known properties, and 'updatedAt' does not exist in type 'UserProfile'.
src_refactored/presentation/ui/app/(app)/_layout.tsx(29,38): error TS2345: Argument of type '"/(app)/_layout"' is not assignable to parameter of type 'undefined'.
src_refactored/presentation/ui/app/(app)/agents/$agentId/edit/index.tsx(129,13): error TS2322: Type 'Pick<LLMConfig, "id" | "name" | "providerId">[]' is not assignable to type 'Pick<LLMConfig, "id" | "name" | "providerName">[]'.
  Property 'providerName' is missing in type 'Pick<LLMConfig, "id" | "name" | "providerId">' but required in type 'Pick<LLMConfig, "id" | "name" | "providerName">'.
src_refactored/presentation/ui/app/(app)/agents/$agentId/edit/index.tsx(147,48): error TS2353: Object literal may only specify known properties, and 'agentId' does not exist in type 'AgentInstance'.
src_refactored/presentation/ui/app/(app)/agents/$agentId/edit/index.tsx(152,46): error TS2345: Argument of type 'null' is not assignable to parameter of type 'GetPersonaTemplatesListResponseData | undefined'.
src_refactored/presentation/ui/app/(app)/agents/$agentId/edit/index.tsx(157,40): error TS2345: Argument of type 'null' is not assignable to parameter of type 'GetLLMConfigsListResponseData | undefined'.
src_refactored/presentation/ui/app/(app)/agents/$agentId/edit/index.tsx(165,5): error TS2554: Expected 1 arguments, but got 2.
src_refactored/presentation/ui/app/(app)/agents/$agentId/edit/index.tsx(166,19): error TS7006: Parameter 'response' implicitly has an 'any' type.
src_refactored/presentation/ui/app/(app)/agents/$agentId/edit/index.tsx(178,17): error TS7006: Parameter 'error' implicitly has an 'any' type.
src_refactored/presentation/ui/app/(app)/agents/$agentId/edit/index.tsx(186,43): error TS2739: Type '{ temperature: number; personaTemplateId: string; llmProviderConfigId: string; agentName?: string | undefined; }' is missing the following properties from type 'AgentInstance': id, status
src_refactored/presentation/ui/app/(app)/agents/$agentId/edit/index.tsx(224,7): error TS2739: Type 'GetAgentInstanceDetailsRequest' is missing the following properties from type 'AgentInstance': id, personaTemplateId, llmProviderConfigId, temperature, status
src_refactored/presentation/ui/app/(app)/agents/$agentId/edit/index.tsx(233,38): error TS2345: Argument of type '"/(app)/agents/$agentId/edit/"' is not assignable to parameter of type 'undefined'.
src_refactored/presentation/ui/app/(app)/agents/$agentId/index.tsx(108,7): error TS2353: Object literal may only specify known properties, and 'agentId' does not exist in type 'AgentInstance'.
src_refactored/presentation/ui/app/(app)/agents/$agentId/index.tsx(113,17): error TS7006: Parameter 'err' implicitly has an 'any' type.
src_refactored/presentation/ui/app/(app)/agents/$agentId/index.tsx(153,22): error TS7053: Element implicitly has an 'any' type because expression of type 'any' can't be used to index type 'Record<"error" | "completed" | "paused" | "idle" | "running", { label: string; icon: ElementType<any, keyof IntrinsicElements>; colorClasses: string; }>'.
src_refactored/presentation/ui/app/(app)/agents/$agentId/index.tsx(153,48): error TS2339: Property 'status' does not exist on type 'GetAgentInstanceDetailsRequest'.
src_refactored/presentation/ui/app/(app)/agents/$agentId/index.tsx(165,76): error TS2339: Property 'id' does not exist on type 'GetAgentInstanceDetailsRequest'.
src_refactored/presentation/ui/app/(app)/agents/$agentId/index.tsx(170,78): error TS2339: Property 'id' does not exist on type 'GetAgentInstanceDetailsRequest'.
src_refactored/presentation/ui/app/(app)/agents/$agentId/index.tsx(179,28): error TS2739: Type 'GetAgentInstanceDetailsRequest' is missing the following properties from type 'AgentInstance': id, personaTemplateId, llmProviderConfigId, temperature, status
src_refactored/presentation/ui/app/(app)/agents/$agentId/index.tsx(180,29): error TS2739: Type 'GetAgentInstanceDetailsRequest' is missing the following properties from type 'AgentInstance': id, personaTemplateId, llmProviderConfigId, temperature, status
src_refactored/presentation/ui/app/(app)/agents/$agentId/index.tsx(193,38): error TS2345: Argument of type '"/(app)/agents/$agentId/"' is not assignable to parameter of type 'undefined'.
src_refactored/presentation/ui/app/(app)/agents/index.tsx(109,38): error TS2345: Argument of type '"/(app)/agents/"' is not assignable to parameter of type 'undefined'.
src_refactored/presentation/ui/app/(app)/agents/new/index.tsx(30,46): error TS2345: Argument of type 'null' is not assignable to parameter of type 'GetPersonaTemplatesListResponseData | undefined'.
src_refactored/presentation/ui/app/(app)/agents/new/index.tsx(35,40): error TS2345: Argument of type 'null' is not assignable to parameter of type 'GetLLMConfigsListResponseData | undefined'.
src_refactored/presentation/ui/app/(app)/agents/new/index.tsx(42,5): error TS2554: Expected 1 arguments, but got 2.
src_refactored/presentation/ui/app/(app)/agents/new/index.tsx(43,19): error TS7006: Parameter 'response' implicitly has an 'any' type.
src_refactored/presentation/ui/app/(app)/agents/new/index.tsx(52,17): error TS7006: Parameter 'error' implicitly has an 'any' type.
src_refactored/presentation/ui/app/(app)/agents/new/index.tsx(60,32): error TS2345: Argument of type '{ temperature: number; personaTemplateId: string; llmProviderConfigId: string; agentName?: string | undefined; }' is not assignable to parameter of type 'IPCResponse<AgentInstance>'.
src_refactored/presentation/ui/app/(app)/agents/new/index.tsx(106,13): error TS2322: Type 'Pick<LLMConfig, "id" | "name" | "providerId">[]' is not assignable to type 'Pick<LLMConfig, "id" | "name" | "providerName">[]'.
  Property 'providerName' is missing in type 'Pick<LLMConfig, "id" | "name" | "providerId">' but required in type 'Pick<LLMConfig, "id" | "name" | "providerName">'.
src_refactored/presentation/ui/app/(app)/agents/new/index.tsx(117,38): error TS2345: Argument of type '"/(app)/agents/new/"' is not assignable to parameter of type 'undefined'.
src_refactored/presentation/ui/app/(app)/chat/index.tsx(55,7): error TS2345: Argument of type 'null' is not assignable to parameter of type 'GetDMConversationsListResponseData | undefined'.
src_refactored/presentation/ui/app/(app)/chat/index.tsx(61,33): error TS2339: Property 'find' does not exist on type 'never'.
src_refactored/presentation/ui/app/(app)/chat/index.tsx(61,38): error TS7006: Parameter 'conv' implicitly has an 'any' type.
src_refactored/presentation/ui/app/(app)/chat/index.tsx(94,5): error TS2554: Expected 1 arguments, but got 2.
src_refactored/presentation/ui/app/(app)/chat/index.tsx(95,19): error TS7006: Parameter 'response' implicitly has an 'any' type.
src_refactored/presentation/ui/app/(app)/chat/index.tsx(100,17): error TS7006: Parameter 'error' implicitly has an 'any' type.
src_refactored/presentation/ui/app/(app)/chat/index.tsx(115,34): error TS2353: Object literal may only specify known properties, and 'conversationId' does not exist in type 'IPCResponse<ChatMessage>'.
src_refactored/presentation/ui/app/(app)/chat/index.tsx(119,16): error TS2322: Type '(prev: any) => any' is not assignable to type 'true | ParamsReducerFn<RouterCore<any, "never", false, RouterHistory, Record<string, any>>, "SEARCH", never, string | undefined> | undefined'.
  Type '(prev: any) => any' is not assignable to type 'ParamsReducerFn<RouterCore<any, "never", false, RouterHistory, Record<string, any>>, "SEARCH", never, string | undefined>'.
    Type 'any' is not assignable to type 'never'.
src_refactored/presentation/ui/app/(app)/chat/index.tsx(180,9): error TS2322: Type 'ChatWindowConversationHeader | null' is not assignable to type 'Conversation | null'.
  Type 'ChatWindowConversationHeader' is not assignable to type 'Conversation'.
    Types of property 'type' are incompatible.
      Type '"agent" | "dm" | "channel"' is not assignable to type '"dm" | "channel"'.
        Type '"agent"' is not assignable to type '"dm" | "channel"'.
src_refactored/presentation/ui/app/(app)/chat/index.tsx(190,38): error TS2345: Argument of type '"/(app)/chat/"' is not assignable to parameter of type 'undefined'.
src_refactored/presentation/ui/app/(app)/dashboard/index.tsx(112,38): error TS2345: Argument of type '"/(app)/dashboard/"' is not assignable to parameter of type 'undefined'.
src_refactored/presentation/ui/app/(app)/personas/$templateId/edit/index.tsx(95,13): error TS2322: Type '{ onSubmit: (formData: { name: string; role: string; goal: string; toolNames: string[]; backstory?: string | undefined; }) => Promise<void>; initialValues: Partial<{ name: string; role: string; goal: string; toolNames: string[]; backstory?: string | undefined; }>; isSubmitting: boolean; submitButtonText: string; }' is not assignable to type 'IntrinsicAttributes & PersonaTemplateFormProps'.
  Property 'onSubmit' does not exist on type 'IntrinsicAttributes & PersonaTemplateFormProps'.
src_refactored/presentation/ui/app/(app)/personas/$templateId/edit/index.tsx(117,7): error TS2353: Object literal may only specify known properties, and 'templateId' does not exist in type 'PersonaTemplate'.
src_refactored/presentation/ui/app/(app)/personas/$templateId/edit/index.tsx(120,17): error TS7006: Parameter 'err' implicitly has an 'any' type.
src_refactored/presentation/ui/app/(app)/personas/$templateId/edit/index.tsx(131,5): error TS2554: Expected 1 arguments, but got 2.
src_refactored/presentation/ui/app/(app)/personas/$templateId/edit/index.tsx(132,19): error TS7006: Parameter 'response' implicitly has an 'any' type.
src_refactored/presentation/ui/app/(app)/personas/$templateId/edit/index.tsx(143,17): error TS7006: Parameter 'error' implicitly has an 'any' type.
src_refactored/presentation/ui/app/(app)/personas/$templateId/edit/index.tsx(151,48): error TS2741: Property 'id' is missing in type '{ name: string; role: string; goal: string; toolNames: string[]; backstory?: string | undefined; }' but required in type 'PersonaTemplate'.
src_refactored/presentation/ui/app/(app)/personas/$templateId/edit/index.tsx(154,118): error TS2353: Object literal may only specify known properties, and 'templateId' does not exist in type 'EditPersonaTemplateLoadingErrorDisplayProps'.
src_refactored/presentation/ui/app/(app)/personas/$templateId/edit/index.tsx(175,7): error TS2739: Type 'GetPersonaTemplateDetailsRequest' is missing the following properties from type 'PersonaTemplate': id, name, role, goal
src_refactored/presentation/ui/app/(app)/personas/$templateId/edit/index.tsx(182,38): error TS2345: Argument of type '"/(app)/personas/$templateId/edit/"' is not assignable to parameter of type 'undefined'.
src_refactored/presentation/ui/app/(app)/personas/$templateId/index.tsx(185,38): error TS2345: Argument of type '"/(app)/personas/$templateId/"' is not assignable to parameter of type 'undefined'.
src_refactored/presentation/ui/app/(app)/personas/index.tsx(84,38): error TS2345: Argument of type '"/(app)/personas/"' is not assignable to parameter of type 'undefined'.
src_refactored/presentation/ui/app/(app)/personas/new/index.tsx(21,5): error TS2554: Expected 1 arguments, but got 2.
src_refactored/presentation/ui/app/(app)/personas/new/index.tsx(22,19): error TS7006: Parameter 'response' implicitly has an 'any' type.
src_refactored/presentation/ui/app/(app)/personas/new/index.tsx(30,17): error TS7006: Parameter 'error' implicitly has an 'any' type.
src_refactored/presentation/ui/app/(app)/personas/new/index.tsx(38,34): error TS2345: Argument of type '{ name: string; role: string; goal: string; toolNames: string[]; backstory?: string | undefined; }' is not assignable to parameter of type 'IPCResponse<PersonaTemplate>'.
src_refactored/presentation/ui/app/(app)/personas/new/index.tsx(52,13): error TS2322: Type '{ onSubmit: (data: { name: string; role: string; goal: string; toolNames: string[]; backstory?: string | undefined; }) => Promise<void>; isSubmitting: boolean; }' is not assignable to type 'IntrinsicAttributes & PersonaTemplateFormProps'.
  Property 'onSubmit' does not exist on type 'IntrinsicAttributes & PersonaTemplateFormProps'.
src_refactored/presentation/ui/app/(app)/personas/new/index.tsx(65,38): error TS2345: Argument of type '"/(app)/personas/new/"' is not assignable to parameter of type 'undefined'.
src_refactored/presentation/ui/app/(app)/projects/$projectId/chat/index.tsx(51,38): error TS2345: Argument of type '"/(app)/projects/$projectId/chat/"' is not assignable to parameter of type 'undefined'.
src_refactored/presentation/ui/app/(app)/projects/$projectId/docs/index.tsx(73,9): error TS2322: Type '{ readmeMd: { type: string; content: string; }; arquiteturaDir: { type: string; nameOverride: string; children: { visaoGeralMd: { nameOverride: string; type: string; content: string; }; componentesMd: { ...; }; }; }; guiasDir: { ...; }; }' is not assignable to type 'DocEntry | Record<string, DocEntry> | undefined'.
  Type '{ readmeMd: { type: string; content: string; }; arquiteturaDir: { type: string; nameOverride: string; children: { visaoGeralMd: { nameOverride: string; type: string; content: string; }; componentesMd: { ...; }; }; }; guiasDir: { ...; }; }' is not assignable to type 'Record<string, DocEntry>'.
    Property 'readmeMd' is incompatible with index signature.
      Type '{ type: string; content: string; }' is not assignable to type 'DocEntry'.
        Type '{ type: string; content: string; }' is not assignable to type 'DocFile'.
          Types of property 'type' are incompatible.
            Type 'string' is not assignable to type '"file"'.
src_refactored/presentation/ui/app/(app)/projects/$projectId/docs/index.tsx(78,28): error TS7053: Element implicitly has an 'any' type because expression of type 'string' can't be used to index type 'DocEntry | Record<string, DocEntry>'.
  No index signature with a parameter of type 'string' was found on type 'DocEntry | Record<string, DocEntry>'.
src_refactored/presentation/ui/app/(app)/projects/$projectId/docs/index.tsx(135,27): error TS2345: Argument of type '{ readmeMd: { type: string; content: string; }; arquiteturaDir: { type: string; nameOverride: string; children: { visaoGeralMd: { nameOverride: string; type: string; content: string; }; componentesMd: { ...; }; }; }; guiasDir: { ...; }; }' is not assignable to parameter of type 'Record<string, DocEntry>'.
  Property 'readmeMd' is incompatible with index signature.
    Type '{ type: string; content: string; }' is not assignable to type 'DocEntry'.
      Type '{ type: string; content: string; }' is not assignable to type 'DocFile'.
        Types of property 'type' are incompatible.
          Type 'string' is not assignable to type '"file"'.
src_refactored/presentation/ui/app/(app)/projects/$projectId/docs/index.tsx(172,38): error TS2345: Argument of type '"/(app)/projects/$projectId/docs/"' is not assignable to parameter of type 'undefined'.
src_refactored/presentation/ui/app/(app)/projects/$projectId/index.tsx(192,38): error TS2345: Argument of type '"/(app)/projects/$projectId/"' is not assignable to parameter of type 'undefined'.
src_refactored/presentation/ui/app/(app)/projects/$projectId/members/index.tsx(178,38): error TS2345: Argument of type '"/(app)/projects/$projectId/members/"' is not assignable to parameter of type 'undefined'.
src_refactored/presentation/ui/app/(app)/projects/$projectId/settings/index.tsx(33,7): error TS2353: Object literal may only specify known properties, and 'projectId' does not exist in type 'Project'.
src_refactored/presentation/ui/app/(app)/projects/$projectId/settings/index.tsx(36,17): error TS7006: Parameter 'err' implicitly has an 'any' type.
src_refactored/presentation/ui/app/(app)/projects/$projectId/settings/index.tsx(47,5): error TS2554: Expected 1 arguments, but got 2.
src_refactored/presentation/ui/app/(app)/projects/$projectId/settings/index.tsx(48,19): error TS7006: Parameter 'response' implicitly has an 'any' type.
src_refactored/presentation/ui/app/(app)/projects/$projectId/settings/index.tsx(56,17): error TS7006: Parameter 'error' implicitly has an 'any' type.
src_refactored/presentation/ui/app/(app)/projects/$projectId/settings/index.tsx(64,47): error TS2739: Type '{ name: string; description?: string | undefined; }' is missing the following properties from type 'Project': id, lastActivity, status, agentCount, taskCount
src_refactored/presentation/ui/app/(app)/projects/$projectId/settings/index.tsx(106,55): error TS2339: Property 'name' does not exist on type 'GetProjectDetailsRequest'.
src_refactored/presentation/ui/app/(app)/projects/$projectId/settings/index.tsx(113,11): error TS2322: Type '{ onSubmit: (formData: { name: string; description?: string | undefined; }) => Promise<void>; initialValues: { name: any; description: any; }; isSubmitting: boolean; submitButtonText: string; }' is not assignable to type 'IntrinsicAttributes & ProjectFormProps'.
  Property 'onSubmit' does not exist on type 'IntrinsicAttributes & ProjectFormProps'.
src_refactored/presentation/ui/app/(app)/projects/$projectId/settings/index.tsx(114,42): error TS2339: Property 'name' does not exist on type 'GetProjectDetailsRequest'.
src_refactored/presentation/ui/app/(app)/projects/$projectId/settings/index.tsx(114,69): error TS2339: Property 'description' does not exist on type 'GetProjectDetailsRequest'.
src_refactored/presentation/ui/app/(app)/projects/$projectId/settings/index.tsx(123,38): error TS2345: Argument of type '"/(app)/projects/$projectId/settings/"' is not assignable to parameter of type 'undefined'.
src_refactored/presentation/ui/app/(app)/projects/index.tsx(122,38): error TS2345: Argument of type '"/(app)/projects/"' is not assignable to parameter of type 'undefined'.
src_refactored/presentation/ui/app/(app)/projects/new/index.tsx(22,5): error TS2554: Expected 1 arguments, but got 2.
src_refactored/presentation/ui/app/(app)/projects/new/index.tsx(23,19): error TS7006: Parameter 'response' implicitly has an 'any' type.
src_refactored/presentation/ui/app/(app)/projects/new/index.tsx(31,17): error TS7006: Parameter 'error' implicitly has an 'any' type.
src_refactored/presentation/ui/app/(app)/projects/new/index.tsx(39,34): error TS2345: Argument of type '{ name: string; description?: string | undefined; }' is not assignable to parameter of type 'IPCResponse<Project>'.
src_refactored/presentation/ui/app/(app)/projects/new/index.tsx(53,13): error TS2322: Type '{ onSubmit: (data: { name: string; description?: string | undefined; }) => Promise<void>; isSubmitting: boolean; submitButtonText: string; }' is not assignable to type 'IntrinsicAttributes & ProjectFormProps'.
  Property 'onSubmit' does not exist on type 'IntrinsicAttributes & ProjectFormProps'.
src_refactored/presentation/ui/app/(app)/projects/new/index.tsx(66,38): error TS2345: Argument of type '"/(app)/projects/new/"' is not assignable to parameter of type 'undefined'.
src_refactored/presentation/ui/app/(app)/settings/appearance/index.tsx(84,38): error TS2345: Argument of type '"/(app)/settings/appearance/"' is not assignable to parameter of type 'undefined'.
src_refactored/presentation/ui/app/(app)/settings/index.tsx(123,38): error TS2345: Argument of type '"/(app)/settings/"' is not assignable to parameter of type 'undefined'.
src_refactored/presentation/ui/app/(app)/settings/llm/$configId/edit/index.tsx(15,111): error TS2353: Object literal may only specify known properties, and 'apiKey' does not exist in type 'LLMConfig'.
src_refactored/presentation/ui/app/(app)/settings/llm/$configId/edit/index.tsx(17,78): error TS2353: Object literal may only specify known properties, and 'apiKey' does not exist in type 'LLMConfig'.
src_refactored/presentation/ui/app/(app)/settings/llm/$configId/edit/index.tsx(43,31): error TS2339: Property 'apiKey' does not exist on type 'LLMConfig'.
src_refactored/presentation/ui/app/(app)/settings/llm/$configId/edit/index.tsx(123,38): error TS2345: Argument of type '"/(app)/settings/llm/$configId/edit/"' is not assignable to parameter of type 'undefined'.
src_refactored/presentation/ui/app/(app)/settings/llm/index.tsx(150,38): error TS2345: Argument of type '"/(app)/settings/llm/"' is not assignable to parameter of type 'undefined'.
src_refactored/presentation/ui/app/(app)/settings/llm/new/index.tsx(48,13): error TS2322: Type '(data: LLMConfigFormData) => Promise<void>' is not assignable to type '(data: { name: string; providerId: "openai" | "deepseek" | "ollama"; apiKey?: string | undefined; baseUrl?: string | undefined; }) => void | Promise<void>'.
  Types of parameters 'data' and 'data' are incompatible.
    Type '{ name: string; providerId: "openai" | "deepseek" | "ollama"; apiKey?: string | undefined; baseUrl?: string | undefined; }' is not assignable to type 'LLMConfigFormData'.
      Types of property 'apiKey' are incompatible.
        Type 'string | undefined' is not assignable to type 'string'.
          Type 'undefined' is not assignable to type 'string'.
src_refactored/presentation/ui/app/(app)/settings/llm/new/index.tsx(58,38): error TS2345: Argument of type '"/(app)/settings/llm/new/"' is not assignable to parameter of type 'undefined'.
src_refactored/presentation/ui/app/(app)/settings/profile/index.tsx(137,38): error TS2345: Argument of type '"/(app)/settings/profile/"' is not assignable to parameter of type 'undefined'.
src_refactored/presentation/ui/app/(app)/user/_layout.tsx(42,38): error TS2345: Argument of type '"/(app)/user/_layout"' is not assignable to parameter of type 'undefined'.
src_refactored/presentation/ui/app/(app)/user/dm/$conversationId/index.tsx(92,7): error TS2322: Type '"user" | "dm"' is not assignable to type '"agent" | "dm" | "channel"'.
  Type '"user"' is not assignable to type '"agent" | "dm" | "channel"'.
src_refactored/presentation/ui/app/(app)/user/dm/$conversationId/index.tsx(99,9): error TS2322: Type 'ChatWindowConversationHeader' is not assignable to type 'Conversation'.
  Types of property 'type' are incompatible.
    Type '"agent" | "dm" | "channel"' is not assignable to type '"dm" | "channel"'.
      Type '"agent"' is not assignable to type '"dm" | "channel"'.
src_refactored/presentation/ui/app/(app)/user/dm/$conversationId/index.tsx(117,5): error TS2345: Argument of type 'null' is not assignable to parameter of type 'GetDMConversationsListResponseData | undefined'.
src_refactored/presentation/ui/app/(app)/user/dm/$conversationId/index.tsx(123,28): error TS2339: Property 'find' does not exist on type 'never'.
src_refactored/presentation/ui/app/(app)/user/dm/$conversationId/index.tsx(123,33): error TS7006: Parameter 'conv' implicitly has an 'any' type.
src_refactored/presentation/ui/app/(app)/user/dm/$conversationId/index.tsx(155,5): error TS2554: Expected 1 arguments, but got 2.
src_refactored/presentation/ui/app/(app)/user/dm/$conversationId/index.tsx(156,19): error TS7006: Parameter 'response' implicitly has an 'any' type.
src_refactored/presentation/ui/app/(app)/user/dm/$conversationId/index.tsx(163,17): error TS7006: Parameter 'error' implicitly has an 'any' type.
src_refactored/presentation/ui/app/(app)/user/dm/$conversationId/index.tsx(178,34): error TS2353: Object literal may only specify known properties, and 'conversationId' does not exist in type 'IPCResponse<ChatMessage>'.
src_refactored/presentation/ui/app/(app)/user/dm/$conversationId/index.tsx(199,38): error TS2345: Argument of type '"/(app)/user/dm/$conversationId/"' is not assignable to parameter of type 'undefined'.
src_refactored/presentation/ui/app/(app)/user/index.tsx(104,38): error TS2345: Argument of type '"/(app)/user/"' is not assignable to parameter of type 'undefined'.
src_refactored/presentation/ui/app/(public)/onboarding/index.tsx(98,38): error TS2345: Argument of type '"/(public)/onboarding/"' is not assignable to parameter of type 'undefined'.
src_refactored/presentation/ui/app/index.tsx(4,38): error TS2345: Argument of type '"/"' is not assignable to parameter of type 'undefined'.
src_refactored/presentation/ui/components/common/MarkdownRenderer.tsx(74,17): error TS2339: Property 'parentElement' does not exist on type 'Element'.
src_refactored/presentation/ui/components/ui/calendar.tsx(8,23): error TS7016: Could not find a declaration file for module 'prop-types'. '/app/node_modules/prop-types/index.js' implicitly has an 'any' type.
  Try `npm i --save-dev @types/prop-types` if it exists or add a new declaration (.d.ts) file containing `declare module 'prop-types';`
src_refactored/presentation/ui/features/agent/components/AgentInstanceForm.tsx(13,43): error TS2724: '"@/shared/ipc-types"' has no exported member named 'CreateAgentInstanceResponse'. Did you mean 'CreateAgentInstanceResponseData'?
src_refactored/presentation/ui/features/agent/components/AgentInstanceForm.tsx(13,115): error TS2724: '"@/shared/ipc-types"' has no exported member named 'UpdateAgentInstanceResponse'. Did you mean 'UpdateAgentInstanceResponseData'?
src_refactored/presentation/ui/features/agent/components/AgentInstanceForm.tsx(34,31): error TS2344: Type '"id" | "name" | "providerName"' does not satisfy the constraint 'keyof LLMConfig'.
  Type '"providerName"' is not assignable to type 'keyof LLMConfig'.
src_refactored/presentation/ui/features/agent/components/AgentInstanceForm.tsx(52,43): error TS2339: Property 'llmConfigId' does not exist on type 'AgentInstance'.
src_refactored/presentation/ui/features/agent/components/AgentInstanceForm.tsx(59,5): error TS2554: Expected 1 arguments, but got 2.
src_refactored/presentation/ui/features/agent/components/AgentInstanceForm.tsx(60,19): error TS7006: Parameter 'response' implicitly has an 'any' type.
src_refactored/presentation/ui/features/agent/components/AgentInstanceForm.tsx(69,17): error TS7006: Parameter 'error' implicitly has an 'any' type.
src_refactored/presentation/ui/features/agent/components/AgentInstanceForm.tsx(77,5): error TS2554: Expected 1 arguments, but got 2.
src_refactored/presentation/ui/features/agent/components/AgentInstanceForm.tsx(78,19): error TS7006: Parameter 'response' implicitly has an 'any' type.
src_refactored/presentation/ui/features/agent/components/AgentInstanceForm.tsx(87,17): error TS7006: Parameter 'error' implicitly has an 'any' type.
src_refactored/presentation/ui/features/agent/components/fields/AgentLLMConfigSelectField.tsx(24,31): error TS2344: Type '"id" | "name" | "providerName"' does not satisfy the constraint 'keyof LLMConfig'.
  Type '"providerName"' is not assignable to type 'keyof LLMConfig'.
src_refactored/presentation/ui/features/agent/components/fields/AgentLLMConfigSelectField.tsx(44,34): error TS2322: Type 'unknown' is not assignable to type 'ReactNode'.
src_refactored/presentation/ui/features/chat/components/ChatSidebar.tsx(53,14): error TS2367: This comparison appears to be unintentional because the types '"user" | "agent"' and '"dm"' have no overlap.
src_refactored/presentation/ui/features/chat/components/ChatWindow.tsx(82,21): error TS2322: Type '{ onSendMessage: (content: string) => void; isLoading: boolean | undefined; }' is not assignable to type 'IntrinsicAttributes & MessageInputProps'.
  Property 'onSendMessage' does not exist on type 'IntrinsicAttributes & MessageInputProps'.
src_refactored/presentation/ui/features/llm/components/LLMConfigListItem.tsx(45,33): error TS2322: Type '"icon-sm"' is not assignable to type '"default" | "sm" | "lg" | "icon" | null | undefined'.
src_refactored/presentation/ui/features/llm/components/LLMConfigListItem.tsx(49,33): error TS2322: Type '"icon-sm"' is not assignable to type '"default" | "sm" | "lg" | "icon" | null | undefined'.
src_refactored/presentation/ui/features/onboarding/components/InitialConfigStep.tsx(54,9): error TS2322: Type '{ onSubmit: (data: { name: string; providerId: "openai" | "deepseek" | "ollama"; apiKey?: string | undefined; baseUrl?: string | undefined; }) => Promise<void>; isSubmitting: boolean; submitButtonText: string; }' is not assignable to type 'IntrinsicAttributes & LLMConfigFormProps'.
  Property 'submitButtonText' does not exist on type 'IntrinsicAttributes & LLMConfigFormProps'.
src_refactored/presentation/ui/features/persona/components/PersonaTemplateForm.tsx(13,45): error TS2724: '"@/shared/ipc-types"' has no exported member named 'CreatePersonaTemplateResponse'. Did you mean 'CreatePersonaTemplateResponseData'?
src_refactored/presentation/ui/features/persona/components/PersonaTemplateForm.tsx(13,123): error TS2724: '"@/shared/ipc-types"' has no exported member named 'UpdatePersonaTemplateResponse'. Did you mean 'UpdatePersonaTemplateResponseData'?
src_refactored/presentation/ui/features/persona/components/PersonaTemplateForm.tsx(53,5): error TS2554: Expected 1 arguments, but got 2.
src_refactored/presentation/ui/features/persona/components/PersonaTemplateForm.tsx(54,19): error TS7006: Parameter 'response' implicitly has an 'any' type.
src_refactored/presentation/ui/features/persona/components/PersonaTemplateForm.tsx(63,17): error TS7006: Parameter 'error' implicitly has an 'any' type.
src_refactored/presentation/ui/features/persona/components/PersonaTemplateForm.tsx(71,5): error TS2554: Expected 1 arguments, but got 2.
src_refactored/presentation/ui/features/persona/components/PersonaTemplateForm.tsx(72,19): error TS7006: Parameter 'response' implicitly has an 'any' type.
src_refactored/presentation/ui/features/persona/components/PersonaTemplateForm.tsx(81,17): error TS7006: Parameter 'error' implicitly has an 'any' type.
src_refactored/presentation/ui/features/project/components/ProjectForm.tsx(15,37): error TS2724: '"@/shared/ipc-types"' has no exported member named 'CreateProjectResponse'. Did you mean 'CreateProjectResponseData'?
src_refactored/presentation/ui/features/project/components/ProjectForm.tsx(15,91): error TS2724: '"@/shared/ipc-types"' has no exported member named 'UpdateProjectResponse'. Did you mean 'UpdateProjectResponseData'?
src_refactored/presentation/ui/features/project/components/ProjectForm.tsx(51,5): error TS2554: Expected 1 arguments, but got 2.
src_refactored/presentation/ui/features/project/components/ProjectForm.tsx(52,19): error TS7006: Parameter 'response' implicitly has an 'any' type.
src_refactored/presentation/ui/features/project/components/ProjectForm.tsx(61,17): error TS7006: Parameter 'error' implicitly has an 'any' type.
src_refactored/presentation/ui/features/project/components/ProjectForm.tsx(69,5): error TS2554: Expected 1 arguments, but got 2.
src_refactored/presentation/ui/features/project/components/ProjectForm.tsx(70,19): error TS7006: Parameter 'response' implicitly has an 'any' type.
src_refactored/presentation/ui/features/project/components/ProjectForm.tsx(79,17): error TS7006: Parameter 'error' implicitly has an 'any' type.
src_refactored/presentation/ui/features/user/components/UserProfileForm.tsx(87,32): error TS2322: Type 'string | undefined' is not assignable to type 'string'.
  Type 'undefined' is not assignable to type 'string'.
src_refactored/presentation/ui/features/user/components/fields/AvatarUrlField.tsx(14,15): error TS2724: '"../UserProfileForm"' has no exported member named 'UserProfileFormData'. Did you mean 'UserProfileForm'?
src_refactored/presentation/ui/features/user/components/fields/DisplayNameField.tsx(14,15): error TS2724: '"../UserProfileForm"' has no exported member named 'UserProfileFormData'. Did you mean 'UserProfileForm'?
src_refactored/presentation/ui/hooks/ipc/useIpcMutation.ts(31,17): error TS2551: Property 'electron' does not exist on type 'Window & typeof globalThis'. Did you mean 'Electron'?
src_refactored/presentation/ui/hooks/ipc/useIpcMutation.ts(31,37): error TS2551: Property 'electron' does not exist on type 'Window & typeof globalThis'. Did you mean 'Electron'?
src_refactored/presentation/ui/hooks/ipc/useIpcMutation.ts(46,35): error TS2551: Property 'electron' does not exist on type 'Window & typeof globalThis'. Did you mean 'Electron'?
src_refactored/presentation/ui/hooks/ipc/useIpcQuery.ts(32,17): error TS2551: Property 'electron' does not exist on type 'Window & typeof globalThis'. Did you mean 'Electron'?
src_refactored/presentation/ui/hooks/ipc/useIpcQuery.ts(32,37): error TS2551: Property 'electron' does not exist on type 'Window & typeof globalThis'. Did you mean 'Electron'?
src_refactored/presentation/ui/hooks/ipc/useIpcQuery.ts(44,35): error TS2551: Property 'electron' does not exist on type 'Window & typeof globalThis'. Did you mean 'Electron'?
src_refactored/presentation/ui/hooks/ipc/useIpcSubscription.ts(54,13): error TS18046: 'response' is of type 'unknown'.
src_refactored/presentation/ui/hooks/ipc/useIpcSubscription.ts(55,32): error TS18046: 'response' is of type 'unknown'.
src_refactored/presentation/ui/hooks/ipc/useIpcSubscription.ts(57,33): error TS18046: 'response' is of type 'unknown'.
src_refactored/presentation/ui/hooks/ipc/useIpcSubscription.ts(117,63): error TS2345: Argument of type '(eventPayload: EventPayload) => void' is not assignable to parameter of type '(...args: unknown[]) => void'.
  Types of parameters 'eventPayload' and 'args' are incompatible.
    Type 'unknown' is not assignable to type 'EventPayload'.
      'EventPayload' could be instantiated with an arbitrary type which could be unrelated to 'unknown'.
src_refactored/presentation/ui/hooks/ipc/useIpcSubscription.ts(125,18): error TS18048: 'window.electronIPC' is possibly 'undefined'.
src_refactored/presentation/ui/hooks/ipc/useIpcSubscription.ts(125,37): error TS2339: Property 'off' does not exist on type 'IElectronIPC'.
src_refactored/presentation/ui/hooks/ipc/useIpcSubscription.ts(126,9): error TS18048: 'window.electronIPC' is possibly 'undefined'.
src_refactored/presentation/ui/hooks/ipc/useIpcSubscription.ts(126,28): error TS2339: Property 'off' does not exist on type 'IElectronIPC'.
src_refactored/presentation/ui/main.tsx(8,27): error TS2307: Cannot find module '@/ui/routeTree.gen' or its corresponding type declarations.
src_refactored/presentation/ui/services/ipc.service.ts(3,10): error TS2724: '"@/shared/ipc-channels"' has no exported member named 'IPCChannel'. Did you mean 'IPC_CHANNELS'?
error Command failed with exit code 2.
info Visit https://yarnpkg.com/en/docs/cli/run for documentation about this command.
